Component: ARM Compiler 5.06 update 6 (build 750) Tool: armlink [4d35ed]

==============================================================================

Section Cross References

    system_stm32f4xx.o(i.SystemCoreClockUpdate) refers to system_stm32f4xx.o(.data) for SystemCoreClock
    system_stm32f4xx.o(i.SystemInit) refers to system_stm32f4xx.o(i.SetSysClock) for SetSysClock
    startup_stm32f40_41xxx.o(STACK) refers (Special) to heapauxi.o(.text) for __use_two_region_memory
    startup_stm32f40_41xxx.o(HEAP) refers (Special) to heapauxi.o(.text) for __use_two_region_memory
    startup_stm32f40_41xxx.o(RESET) refers (Special) to heapauxi.o(.text) for __use_two_region_memory
    startup_stm32f40_41xxx.o(RESET) refers to startup_stm32f40_41xxx.o(STACK) for __initial_sp
    startup_stm32f40_41xxx.o(RESET) refers to startup_stm32f40_41xxx.o(.text) for Reset_Handler
    startup_stm32f40_41xxx.o(RESET) refers to homeswitch.o(i.EXTI1_IRQHandler) for EXTI1_IRQHandler
    startup_stm32f40_41xxx.o(RESET) refers to homeswitch.o(i.EXTI2_IRQHandler) for EXTI2_IRQHandler
    startup_stm32f40_41xxx.o(RESET) refers to main.o(i.DMA1_Stream1_IRQHandler) for DMA1_Stream1_IRQHandler
    startup_stm32f40_41xxx.o(RESET) refers to encoder.o(i.TIM2_IRQHandler) for TIM2_IRQHandler
    startup_stm32f40_41xxx.o(RESET) refers to servo.o(i.TIM3_IRQHandler) for TIM3_IRQHandler
    startup_stm32f40_41xxx.o(RESET) refers to homeswitch.o(i.EXTI15_10_IRQHandler) for EXTI15_10_IRQHandler
    startup_stm32f40_41xxx.o(RESET) refers to main.o(i.DMA2_Stream2_IRQHandler) for DMA2_Stream2_IRQHandler
    startup_stm32f40_41xxx.o(.text) refers (Special) to heapauxi.o(.text) for __use_two_region_memory
    startup_stm32f40_41xxx.o(.text) refers to system_stm32f4xx.o(i.SystemInit) for SystemInit
    startup_stm32f40_41xxx.o(.text) refers to __main.o(!!!main) for __main
    startup_stm32f40_41xxx.o(.text) refers to startup_stm32f40_41xxx.o(HEAP) for Heap_Mem
    startup_stm32f40_41xxx.o(.text) refers to startup_stm32f40_41xxx.o(STACK) for Stack_Mem
    main.o(i.ApplyCmd) refers to uart.o(i.Uart_Cmd_Update) for Uart_Cmd_Update
    main.o(i.ApplyCmd) refers to uart.o(i.Uart_Cmd_Update_android) for Uart_Cmd_Update_android
    main.o(i.ApplyCmd) refers to calculator.o(i.asc2dou) for asc2dou
    main.o(i.ApplyCmd) refers to homeswitch.o(i.Home_Scan_Begin) for Home_Scan_Begin
    main.o(i.ApplyCmd) refers to uart.o(.bss) for rxbuff
    main.o(i.ApplyCmd) refers to main.o(.data) for isAndroidRunning
    main.o(i.ApplyCmd) refers to operationmode.o(.data) for Mode
    main.o(i.ApplyCmd) refers to servo.o(.bss) for Servo_pos_cur
    main.o(i.ApplyCmd) refers to calculator.o(i.float2Bytes) for float2Bytes
    main.o(i.ApplyCmd) refers to eeprom.o(i.EEP_WriteBytes) for EEP_WriteBytes
    main.o(i.ApplyCmd) refers to encoder.o(i.ENC_Reset) for ENC_Reset
    main.o(i.ApplyCmd) refers to fsmc.o(i.FSMC_ENC_Reset) for FSMC_ENC_Reset
    main.o(i.ApplyCmd) refers to calculator.o(i.is_minus) for is_minus
    main.o(i.ApplyCmd) refers to main.o(.bss) for HOME_OFFSET
    main.o(i.ApplyCmd) refers to homeswitch.o(.bss) for st_servo_data
    main.o(i.ApplyCmd_android) refers to uart.o(i.Uart_Cmd_Update) for Uart_Cmd_Update
    main.o(i.ApplyCmd_android) refers to uart.o(i.Uart_Cmd_Update_android) for Uart_Cmd_Update_android
    main.o(i.ApplyCmd_android) refers to calculator.o(i.asc2dou) for asc2dou
    main.o(i.ApplyCmd_android) refers to homeswitch.o(i.Home_Scan_Begin) for Home_Scan_Begin
    main.o(i.ApplyCmd_android) refers to uart.o(.bss) for rxbuff_android
    main.o(i.ApplyCmd_android) refers to main.o(.data) for isAndroidRunning
    main.o(i.ApplyCmd_android) refers to operationmode.o(.data) for Mode
    main.o(i.ApplyCmd_android) refers to servo.o(.bss) for Servo_pos_cur
    main.o(i.ApplyCmd_android) refers to calculator.o(i.float2Bytes) for float2Bytes
    main.o(i.ApplyCmd_android) refers to eeprom.o(i.EEP_WriteBytes) for EEP_WriteBytes
    main.o(i.ApplyCmd_android) refers to encoder.o(i.ENC_Reset) for ENC_Reset
    main.o(i.ApplyCmd_android) refers to fsmc.o(i.FSMC_ENC_Reset) for FSMC_ENC_Reset
    main.o(i.ApplyCmd_android) refers to calculator.o(i.is_minus) for is_minus
    main.o(i.ApplyCmd_android) refers to main.o(.bss) for HOME_OFFSET
    main.o(i.ApplyCmd_android) refers to homeswitch.o(.bss) for st_servo_data
    main.o(i.DMA1_Stream1_IRQHandler) refers to stm32f4xx_dma.o(i.DMA_Cmd) for DMA_Cmd
    main.o(i.DMA1_Stream1_IRQHandler) refers to stm32f4xx_dma.o(i.DMA_ClearITPendingBit) for DMA_ClearITPendingBit
    main.o(i.DMA1_Stream1_IRQHandler) refers to main.o(i.Uart_Program) for Uart_Program
    main.o(i.DMA1_Stream1_IRQHandler) refers to rt_memclr.o(.text) for __aeabi_memclr
    main.o(i.DMA1_Stream1_IRQHandler) refers to uart.o(.bss) for rxbuff
    main.o(i.DMA1_Stream1_IRQHandler) refers to main.o(.data) for rx_flag
    main.o(i.DMA2_Stream2_IRQHandler) refers to stm32f4xx_dma.o(i.DMA_Cmd) for DMA_Cmd
[...]
    $v0                                      0x08007748   Number         0  dfix.o(x$fpl$dfix)
    x$fpl$dflt                               0x080077a6   Section       46  dflt_clz.o(x$fpl$dflt)
    $v0                                      0x080077a6   Number         0  dflt_clz.o(x$fpl$dflt)
    x$fpl$dfltu                              0x080077d4   Section       38  dflt_clz.o(x$fpl$dfltu)
    $v0                                      0x080077d4   Number         0  dflt_clz.o(x$fpl$dfltu)
    x$fpl$dmul                               0x080077fc   Section      340  dmul.o(x$fpl$dmul)
    $v0                                      0x080077fc   Number         0  dmul.o(x$fpl$dmul)
    x$fpl$dnaninf                            0x08007950   Section      156  dnaninf.o(x$fpl$dnaninf)
    $v0                                      0x08007950   Number         0  dnaninf.o(x$fpl$dnaninf)
    x$fpl$dretinf                            0x080079ec   Section       12  dretinf.o(x$fpl$dretinf)
    $v0                                      0x080079ec   Number         0  dretinf.o(x$fpl$dretinf)
    x$fpl$drsb                               0x080079f8   Section       22  daddsub_clz.o(x$fpl$drsb)
    $v0                                      0x080079f8   Number         0  daddsub_clz.o(x$fpl$drsb)
    x$fpl$dsqrt                              0x08007a10   Section      408  dsqrt_umaal.o(x$fpl$dsqrt)
    $v0                                      0x08007a10   Number         0  dsqrt_umaal.o(x$fpl$dsqrt)
    x$fpl$dsub                               0x08007ba8   Section      468  daddsub_clz.o(x$fpl$dsub)
    $v0                                      0x08007ba8   Number         0  daddsub_clz.o(x$fpl$dsub)
    _dsub1                                   0x08007bb9   Thumb Code     0  daddsub_clz.o(x$fpl$dsub)
    x$fpl$f2d                                0x08007d7c   Section       86  f2d.o(x$fpl$f2d)
    $v0                                      0x08007d7c   Number         0  f2d.o(x$fpl$f2d)
    x$fpl$fnaninf                            0x08007dd2   Section      140  fnaninf.o(x$fpl$fnaninf)
    $v0                                      0x08007dd2   Number         0  fnaninf.o(x$fpl$fnaninf)
    x$fpl$fpinit                             0x08007e5e   Section       10  fpinit.o(x$fpl$fpinit)
    $v0                                      0x08007e5e   Number         0  fpinit.o(x$fpl$fpinit)
    x$fpl$fretinf                            0x08007e68   Section       10  fretinf.o(x$fpl$fretinf)
    $v0                                      0x08007e68   Number         0  fretinf.o(x$fpl$fretinf)
    x$fpl$printf1                            0x08007e72   Section        4  printf1.o(x$fpl$printf1)
    $v0                                      0x08007e72   Number         0  printf1.o(x$fpl$printf1)
    x$fpl$usenofp                            0x08007e76   Section        0  usenofp.o(x$fpl$usenofp)
    .constdata                               0x08007e78   Section       72  operationmode.o(.constdata)
    .constdata                               0x08007ec0   Section        6  servo.o(.constdata)
    .constdata                               0x08007ec8   Section       48  cos_i.o(.constdata)
    C                                        0x08007ec8   Data          48  cos_i.o(.constdata)
    .constdata                               0x08007ef8   Section      200  rred.o(.constdata)
    pio2s                                    0x08007ef8   Data          48  rred.o(.constdata)
    twooverpi                                0x08007f28   Data         152  rred.o(.constdata)
    .constdata                               0x08007fc0   Section       40  sin_i.o(.constdata)
    S                                        0x08007fc0   Data          40  sin_i.o(.constdata)
    .constdata                               0x08007fe8   Section      148  bigflt0.o(.constdata)
    tenpwrs_x                                0x08007fe8   Data          60  bigflt0.o(.constdata)
    tenpwrs_i                                0x08008024   Data          64  bigflt0.o(.constdata)
    locale$$data                             0x0800809c   Section       28  lc_numeric_c.o(locale$$data)
    __lcnum_c_name                           0x080080a0   Data           2  lc_numeric_c.o(locale$$data)
    __lcnum_c_start                          0x080080a8   Data           0  lc_numeric_c.o(locale$$data)
    __lcnum_c_point                          0x080080b4   Data           0  lc_numeric_c.o(locale$$data)
    __lcnum_c_thousands                      0x080080b6   Data           0  lc_numeric_c.o(locale$$data)
    __lcnum_c_grouping                       0x080080b7   Data           0  lc_numeric_c.o(locale$$data)
    __lcnum_c_end                            0x080080b8   Data           0  lc_numeric_c.o(locale$$data)
    .data                                    0x20000000   Section       11  main.o(.data)
    isPCRunning                              0x20000008   Data           1  main.o(.data)
    isAndroidRunning                         0x20000009   Data           1  main.o(.data)
    .data                                    0x2000000b   Section       16  stm32f4xx_rcc.o(.data)
    APBAHBPrescTable                         0x2000000b   Data          16  stm32f4xx_rcc.o(.data)
    .data                                    0x2000001c   Section        5  operationmode.o(.data)
    .data                                    0x20000024   Section       23  servo.o(.data)
    Servo_dir_private                        0x20000028   Data           6  servo.o(.data)
    Servo_Ready_Run_flag                     0x2000003a   Data           1  servo.o(.data)
    .data                                    0x2000003b   Section      101  uart.o(.data)
    .data                                    0x200000a0   Section        8  encoder.o(.data)
    cnt_update_enc                           0x200000a0   Data           2  encoder.o(.data)
    .bss                                     0x200000a8   Section     1072  main.o(.bss)
    .bss                                     0x200004d8   Section       72  fsmc.o(.bss)
    enc_dp                                   0x200004d8   Data          24  fsmc.o(.bss)
    enc_p0                                   0x200004f0   Data          24  fsmc.o(.bss)
    enc_p1                                   0x20000508   Data          24  fsmc.o(.bss)
    .bss                                     0x20000520   Section      216  homeswitch.o(.bss)
    .bss                                     0x200005f8   Section      184  servo.o(.bss)
    a_1                                      0x20000640   Data          16  servo.o(.bss)
    a                                        0x20000650   Data          96  servo.o(.bss)
    .bss                                     0x200006b0   Section     1404  uart.o(.bss)
    str_uart_update                          0x20000b64   Data         100  uart.o(.bss)
    str_uart_update_android                  0x20000bc8   Data         100  uart.o(.bss)
    .bss                                     0x20000c2c   Section       96  libspace.o(.bss)
    HEAP                                     0x20000c90   Section      512  startup_stm32f40_41xxx.o(HEAP)
    Heap_Mem                                 0x20000c90   Data         512  startup_stm32f40_41xxx.o(HEAP)
    STACK                                    0x20000e90   Section     1024  startup_stm32f40_41xxx.o(STACK)
    Stack_Mem                                0x20000e90   Data        1024  startup_stm32f40_41xxx.o(STACK)
    __initial_sp                             0x20001290   Data           0  startup_stm32f40_41xxx.o(STACK)

    Global Symbols

    Symbol Name                              Value     Ov Type        Size  Object(Section)

    BuildAttributes$$THM_ISAv4$E$P$D$K$B$S$7EM$VFPi3$EXTD16$VFPS$VFMA$PE$A:L22UL41UL21$X:L11$S22US41US21$IEEE1$IW$USESV6$~STKCKD$USESV7$~SHL$OTIME$ROPI$IEEEX$EBA8$UX$STANDARDLIB$REQ8$PRES8$EABIv2 0x00000000   Number         0  anon$$obj.o ABSOLUTE
    __ARM_use_no_argv                        0x00000000   Number         0  main.o ABSOLUTE
    _printf_flags                            0x00000000   Number         0  printf_stubs.o ABSOLUTE
    _printf_return_value                     0x00000000   Number         0  printf_stubs.o ABSOLUTE
    _printf_sizespec                         0x00000000   Number         0  printf_stubs.o ABSOLUTE
    _printf_widthprec                        0x00000000   Number         0  printf_stubs.o ABSOLUTE
    __ARM_exceptions_init                     - Undefined Weak Reference
    __alloca_initialize                       - Undefined Weak Reference
    __arm_preinit_                            - Undefined Weak Reference
    __cpp_initialize__aeabi_                  - Undefined Weak Reference
    __cxa_finalize                            - Undefined Weak Reference
    __sigvec_lookup                           - Undefined Weak Reference
    __user_heap_extent                        - Undefined Weak Reference
    _atexit_init                              - Undefined Weak Reference
    _call_atexit_fns                          - Undefined Weak Reference
    _clock_init                               - Undefined Weak Reference
    _fp_trap_init                             - Undefined Weak Reference
    _fp_trap_shutdown                         - Undefined Weak Reference
    _get_lc_collate                           - Undefined Weak Reference
    _get_lc_ctype                             - Undefined Weak Reference
    _get_lc_monetary                          - Undefined Weak Reference
    _get_lc_time                              - Undefined Weak Reference
    _getenv_init                              - Undefined Weak Reference
    _handle_redirection                       - Undefined Weak Reference
    _initio                                   - Undefined Weak Reference
    _mutex_acquire                            - Undefined Weak Reference
    _mutex_free                               - Undefined Weak Reference
    _mutex_release                            - Undefined Weak Reference
    _rand_init                                - Undefined Weak Reference
    _signal_finish                            - Undefined Weak Reference
    _signal_init                              - Undefined Weak Reference
    _terminateio                              - Undefined Weak Reference
    __Vectors_Size                           0x00000188   Number         0  startup_stm32f40_41xxx.o ABSOLUTE
    __Vectors                                0x08000000   Data           4  startup_stm32f40_41xxx.o(RESET)
    __Vectors_End                            0x08000188   Data           0  startup_stm32f40_41xxx.o(RESET)
    __main                                   0x08000189   Thumb Code     8  __main.o(!!!main)
    __scatterload                            0x08000191   Thumb Code     0  __scatter.o(!!!scatter)
    __scatterload_rt2                        0x08000191   Thumb Code    44  __scatter.o(!!!scatter)
    __scatterload_rt2_thumb_only             0x08000191   Thumb Code     0  __scatter.o(!!!scatter)
    __scatterload_null                       0x0800019f   Thumb Code     0  __scatter.o(!!!scatter)
    __scatterload_copy                       0x080001c5   Thumb Code    26  __scatter_copy.o(!!handler_copy)
    __scatterload_zeroinit                   0x080001e1   Thumb Code    28  __scatter_zi.o(!!handler_zi)
    _printf_f                                0x080001fd   Thumb Code     0  _printf_f.o(.ARM.Collect$$_printf_percent$$00000003)
    _printf_percent                          0x080001fd   Thumb Code     0  _printf_percent.o(.ARM.Collect$$_printf_percent$$00000000)
    _printf_percent_end                      0x08000203   Thumb Code     0  _printf_percent_end.o(.ARM.Collect$$_printf_percent$$00000017)
    __rt_lib_init                            0x08000207   Thumb Code     0  libinit.o(.ARM.Collect$$libinit$$00000000)
    __rt_lib_init_fp_1                       0x08000209   Thumb Code     0  libinit2.o(.ARM.Collect$$libinit$$00000001)
    __rt_lib_init_heap_2                     0x0800020d   Thumb Code     0  libinit2.o(.ARM.Collect$$libinit$$00000005)
    __rt_lib_init_preinit_1                  0x0800020d   Thumb Code     0  libinit2.o(.ARM.Collect$$libinit$$00000004)
    __rt_lib_init_heap_1                     0x08000215   Thumb Code     0  libinit2.o(.ARM.Collect$$libinit$$0000000A)
    __rt_lib_init_lc_common                  0x08000215   Thumb Code     0  libinit2.o(.ARM.Collect$$libinit$$0000000F)
    __rt_lib_init_rand_1                     0x08000215   Thumb Code     0  libinit2.o(.ARM.Collect$$libinit$$0000000E)
    __rt_lib_init_user_alloc_1               0x08000215   Thumb Code     0  libinit2.o(.ARM.Collect$$libinit$$0000000C)
    __rt_lib_init_lc_collate_1               0x0800021b   Thumb Code     0  libinit2.o(.ARM.Collect$$libinit$$00000011)
    __rt_lib_init_lc_ctype_1                 0x0800021b   Thumb Code     0  libinit2.o(.ARM.Collect$$libinit$$00000013)
    __rt_lib_init_lc_monetary_1              0x0800021b   Thumb Code     0  libinit2.o(.ARM.Collect$$libinit$$00000015)
    __rt_lib_init_lc_numeric_2               0x0800021b   Thumb Code     0  libinit2.o(.ARM.Collect$$libinit$$00000016)
    __rt_lib_init_alloca_1                   0x08000225   Thumb Code     0  libinit2.o(.ARM.Collect$$libinit$$0000002E)
    __rt_lib_init_argv_1                     0x08000225   Thumb Code     0  libinit2.o(.ARM.Collect$$libinit$$0000002C)
    __rt_lib_init_atexit_1                   0x08000225   Thumb Code     0  libinit2.o(.ARM.Collect$$libinit$$0000001B)
    __rt_lib_init_clock_1                    0x08000225   Thumb Code     0  libinit2.o(.ARM.Collect$$libinit$$00000021)
    __rt_lib_init_cpp_1                      0x08000225   Thumb Code     0  libinit2.o(.ARM.Collect$$libinit$$00000032)
    __rt_lib_init_exceptions_1               0x08000225   Thumb Code     0  libinit2.o(.ARM.Collect$$libinit$$00000030)
    __rt_lib_init_fp_trap_1                  0x08000225   Thumb Code     0  libinit2.o(.ARM.Collect$$libinit$$0000001F)
    __rt_lib_init_getenv_1                   0x08000225   Thumb Code     0  libinit2.o(.ARM.Collect$$libinit$$00000023)
    __rt_lib_init_lc_numeric_1               0x08000225   Thumb Code     0  libinit2.o(.ARM.Collect$$libinit$$00000017)
    __rt_lib_init_lc_time_1                  0x08000225   Thumb Code     0  libinit2.o(.ARM.Collect$$libinit$$00000019)
    __rt_lib_init_return                     0x08000225   Thumb Code     0  libinit2.o(.ARM.Collect$$libinit$$00000033)
    __rt_lib_init_signal_1                   0x08000225   Thumb Code     0  libinit2.o(.ARM.Collect$$libinit$$0000001D)
    __rt_lib_init_stdio_1                    0x08000225   Thumb Code     0  libinit2.o(.ARM.Collect$$libinit$$00000025)
    __rt_lib_shutdown                        0x08000227   Thumb Code     0  libshutdown.o(.ARM.Collect$$libshutdown$$00000000)
    __rt_lib_shutdown_cpp_1                  0x08000229   Thumb Code     0  libshutdown2.o(.ARM.Collect$$libshutdown$$00000002)
    __rt_lib_shutdown_fp_trap_1              0x08000229   Thumb Code     0  libshutdown2.o(.ARM.Collect$$libshutdown$$00000007)
    __rt_lib_shutdown_heap_1                 0x08000229   Thumb Code     0  libshutdown2.o(.ARM.Collect$$libshutdown$$0000000F)
    __rt_lib_shutdown_return                 0x08000229   Thumb Code     0  libshutdown2.o(.ARM.Collect$$libshutdown$$00000010)
    __rt_lib_shutdown_signal_1               0x08000229   Thumb Code     0  libshutdown2.o(.ARM.Collect$$libshutdown$$0000000A)
    __rt_lib_shutdown_stdio_1                0x08000229   Thumb Code     0  libshutdown2.o(.ARM.Collect$$libshutdown$$00000004)
    __rt_lib_shutdown_user_alloc_1           0x08000229   Thumb Code     0  libshutdown2.o(.ARM.Collect$$libshutdown$$0000000C)
    __rt_entry                               0x0800022b   Thumb Code     0  __rtentry.o(.ARM.Collect$$rtentry$$00000000)
    __rt_entry_presh_1                       0x0800022b   Thumb Code     0  __rtentry2.o(.ARM.Collect$$rtentry$$00000002)
    __rt_entry_sh                            0x0800022b   Thumb Code     0  __rtentry4.o(.ARM.Collect$$rtentry$$00000004)
    __rt_entry_li                            0x08000231   Thumb Code     0  __rtentry2.o(.ARM.Collect$$rtentry$$0000000A)
    __rt_entry_postsh_1                      0x08000231   Thumb Code     0  __rtentry2.o(.ARM.Collect$$rtentry$$00000009)
    __rt_entry_main                          0x08000235   Thumb Code     0  __rtentry2.o(.ARM.Collect$$rtentry$$0000000D)
    __rt_entry_postli_1                      0x08000235   Thumb Code     0  __rtentry2.o(.ARM.Collect$$rtentry$$0000000C)
    __rt_exit                                0x0800023d   Thumb Code     0  rtexit.o(.ARM.Collect$$rtexit$$00000000)
    __rt_exit_ls                             0x0800023f   Thumb Code     0  rtexit2.o(.ARM.Collect$$rtexit$$00000003)
    __rt_exit_prels_1                        0x0800023f   Thumb Code     0  rtexit2.o(.ARM.Collect$$rtexit$$00000002)
    __rt_exit_exit                           0x08000243   Thumb Code     0  rtexit2.o(.ARM.Collect$$rtexit$$00000004)
    Reset_Handler                            0x08000249   Thumb Code     8  startup_stm32f40_41xxx.o(.text)
    _maybe_terminate_alloc                   0x08000249   Thumb Code     0  maybetermalloc1.o(.emb_text)
    NMI_Handler                              0x08000251   Thumb Code     2  startup_stm32f40_41xxx.o(.text)
    HardFault_Handler                        0x08000253   Thumb Code     2  startup_stm32f40_41xxx.o(.text)
    MemManage_Handler                        0x08000255   Thumb Code     2  startup_stm32f40_41xxx.o(.text)
    BusFault_Handler                         0x08000257   Thumb Code     2  startup_stm32f40_41xxx.o(.text)
    UsageFault_Handler                       0x08000259   Thumb Code     2  startup_stm32f40_41xxx.o(.text)
    SVC_Handler                              0x0800025b   Thumb Code     2  startup_stm32f40_41xxx.o(.text)
    DebugMon_Handler                         0x0800025d   Thumb Code     2  startup_stm32f40_41xxx.o(.text)
    PendSV_Handler                           0x0800025f   Thumb Code     2  startup_stm32f40_41xxx.o(.text)
    SysTick_Handler                          0x08000261   Thumb Code     2  startup_stm32f40_41xxx.o(.text)
    ADC_IRQHandler                           0x08000263   Thumb Code     0  startup_stm32f40_41xxx.o(.text)
    CAN1_RX0_IRQHandler                      0x08000263   Thumb Code     0  startup_stm32f40_41xxx.o(.text)
    CAN1_RX1_IRQHandler                      0x08000263   Thumb Code     0  startup_stm32f40_41xxx.o(.text)
    CAN1_SCE_IRQHandler                      0x08000263   Thumb Code     0  startup_stm32f40_41xxx.o(.text)
    CAN1_TX_IRQHandler                       0x08000263   Thumb Code     0  startup_stm32f40_41xxx.o(.text)
    CAN2_RX0_IRQHandler                      0x08000263   Thumb Code     0  startup_stm32f40_41xxx.o(.text)
    CAN2_RX1_IRQHandler                      0x08000263   Thumb Code     0  startup_stm32f40_41xxx.o(.text)
    CAN2_SCE_IRQHandler                      0x08000263   Thumb Code     0  startup_stm32f40_41xxx.o(.text)
    CAN2_TX_IRQHandler                       0x08000263   Thumb Code     0  startup_stm32f40_41xxx.o(.text)
    CRYP_IRQHandler                          0x08000263   Thumb Code     0  startup_stm32f40_41xxx.o(.text)
    DCMI_IRQHandler                          0x08000263   Thumb Code     0  startup_stm32f40_41xxx.o(.text)
    DMA1_Stream0_IRQHandler                  0x08000263   Thumb Code     0  startup_stm32f40_41xxx.o(.text)
    DMA1_Stream2_IRQHandler                  0x08000263   Thumb Code     0  startup_stm32f40_41xxx.o(.text)
    DMA1_Stream3_IRQHandler                  0x08000263   Thumb Code     0  startup_stm32f40_41xxx.o(.text)
    DMA1_Stream4_IRQHandler                  0x08000263   Thumb Code     0  startup_stm32f40_41xxx.o(.text)
    DMA1_Stream5_IRQHandler                  0x08000263   Thumb Code     0  startup_stm32f40_41xxx.o(.text)
    DMA1_Stream6_IRQHandler                  0x08000263   Thumb Code     0  startup_stm32f40_41xxx.o(.text)
    DMA1_Stream7_IRQHandler                  0x08000263   Thumb Code     0  startup_stm32f40_41xxx.o(.text)
    DMA2_Stream0_IRQHandler                  0x08000263   Thumb Code     0  startup_stm32f40_41xxx.o(.text)
    DMA2_Stream1_IRQHandler                  0x08000263   Thumb Code     0  startup_stm32f40_41xxx.o(.text)
    DMA2_Stream3_IRQHandler                  0x08000263   Thumb Code     0  startup_stm32f40_41xxx.o(.text)
    DMA2_Stream4_IRQHandler                  0x08000263   Thumb Code     0  startup_stm32f40_41xxx.o(.text)
    DMA2_Stream5_IRQHandler                  0x08000263   Thumb Code     0  startup_stm32f40_41xxx.o(.text)
    DMA2_Stream6_IRQHandler                  0x08000263   Thumb Code     0  startup_stm32f40_41xxx.o(.text)
    DMA2_Stream7_IRQHandler                  0x08000263   Thumb Code     0  startup_stm32f40_41xxx.o(.text)
    ETH_IRQHandler                           0x08000263   Thumb Code     0  startup_stm32f40_41xxx.o(.text)
    ETH_WKUP_IRQHandler                      0x08000263   Thumb Code     0  startup_stm32f40_41xxx.o(.text)
    EXTI0_IRQHandler                         0x08000263   Thumb Code     0  startup_stm32f40_41xxx.o(.text)
    EXTI3_IRQHandler                         0x08000263   Thumb Code     0  startup_stm32f40_41xxx.o(.text)
    EXTI4_IRQHandler                         0x08000263   Thumb Code     0  startup_stm32f40_41xxx.o(.text)
    EXTI9_5_IRQHandler                       0x08000263   Thumb Code     0  startup_stm32f40_41xxx.o(.text)
    FLASH_IRQHandler                         0x08000263   Thumb Code     0  startup_stm32f40_41xxx.o(.text)
    FPU_IRQHandler                           0x08000263   Thumb Code     0  startup_stm32f40_41xxx.o(.text)
    FSMC_IRQHandler                          0x08000263   Thumb Code     0  startup_stm32f40_41xxx.o(.text)
    HASH_RNG_IRQHandler                      0x08000263   Thumb Code     0  startup_stm32f40_41xxx.o(.text)
    I2C1_ER_IRQHandler                       0x08000263   Thumb Code     0  startup_stm32f40_41xxx.o(.text)
    I2C1_EV_IRQHandler                       0x08000263   Thumb Code     0  startup_stm32f40_41xxx.o(.text)
    I2C2_ER_IRQHandler                       0x08000263   Thumb Code     0  startup_stm32f40_41xxx.o(.text)
    I2C2_EV_IRQHandler                       0x08000263   Thumb Code     0  startup_stm32f40_41xxx.o(.text)
    I2C3_ER_IRQHandler                       0x08000263   Thumb Code     0  startup_stm32f40_41xxx.o(.text)
    I2C3_EV_IRQHandler                       0x08000263   Thumb Code     0  startup_stm32f40_41xxx.o(.text)
    OTG_FS_IRQHandler                        0x08000263   Thumb Code     0  startup_stm32f40_41xxx.o(.text)
    OTG_FS_WKUP_IRQHandler                   0x08000263   Thumb Code     0  startup_stm32f40_41xxx.o(.text)
    OTG_HS_EP1_IN_IRQHandler                 0x08000263   Thumb Code     0  startup_stm32f40_41xxx.o(.text)
    OTG_HS_EP1_OUT_IRQHandler                0x08000263   Thumb Code     0  startup_stm32f40_41xxx.o(.text)
    OTG_HS_IRQHandler                        0x08000263   Thumb Code     0  startup_stm32f40_41xxx.o(.text)
    OTG_HS_WKUP_IRQHandler                   0x08000263   Thumb Code     0  startup_stm32f40_41xxx.o(.text)
    PVD_IRQHandler                           0x08000263   Thumb Code     0  startup_stm32f40_41xxx.o(.text)
    RCC_IRQHandler                           0x08000263   Thumb Code     0  startup_stm32f40_41xxx.o(.text)
    RTC_Alarm_IRQHandler                     0x08000263   Thumb Code     0  startup_stm32f40_41xxx.o(.text)
    RTC_WKUP_IRQHandler                      0x08000263   Thumb Code     0  startup_stm32f40_41xxx.o(.text)
    SDIO_IRQHandler                          0x08000263   Thumb Code     0  startup_stm32f40_41xxx.o(.text)
    SPI1_IRQHandler                          0x08000263   Thumb Code     0  startup_stm32f40_41xxx.o(.text)
    SPI2_IRQHandler                          0x08000263   Thumb Code     0  startup_stm32f40_41xxx.o(.text)
    SPI3_IRQHandler                          0x08000263   Thumb Code     0  startup_stm32f40_41xxx.o(.text)
    TAMP_STAMP_IRQHandler                    0x08000263   Thumb Code     0  startup_stm32f40_41xxx.o(.text)
    TIM1_BRK_TIM9_IRQHandler                 0x08000263   Thumb Code     0  startup_stm32f40_41xxx.o(.text)
    TIM1_CC_IRQHandler                       0x08000263   Thumb Code     0  startup_stm32f40_41xxx.o(.text)
    TIM1_TRG_COM_TIM11_IRQHandler            0x08000263   Thumb Code     0  startup_stm32f40_41xxx.o(.text)
    TIM1_UP_TIM10_IRQHandler                 0x08000263   Thumb Code     0  startup_stm32f40_41xxx.o(.text)
    TIM4_IRQHandler                          0x08000263   Thumb Code     0  startup_stm32f40_41xxx.o(.text)
    TIM5_IRQHandler                          0x08000263   Thumb Code     0  startup_stm32f40_41xxx.o(.text)
    TIM6_DAC_IRQHandler                      0x08000263   Thumb Code     0  startup_stm32f40_41xxx.o(.text)
    TIM7_IRQHandler                          0x08000263   Thumb Code     0  startup_stm32f40_41xxx.o(.text)
    TIM8_BRK_TIM12_IRQHandler                0x08000263   Thumb Code     0  startup_stm32f40_41xxx.o(.text)
    TIM8_CC_IRQHandler                       0x08000263   Thumb Code     0  startup_stm32f40_41xxx.o(.text)
    TIM8_TRG_COM_TIM14_IRQHandler            0x08000263   Thumb Code     0  startup_stm32f40_41xxx.o(.text)
    TIM8_UP_TIM13_IRQHandler                 0x08000263   Thumb Code     0  startup_stm32f40_41xxx.o(.text)
    UART4_IRQHandler                         0x08000263   Thumb Code     0  startup_stm32f40_41xxx.o(.text)
    UART5_IRQHandler                         0x08000263   Thumb Code     0  startup_stm32f40_41xxx.o(.text)
    USART1_IRQHandler                        0x08000263   Thumb Code     0  startup_stm32f40_41xxx.o(.text)
    USART2_IRQHandler                        0x08000263   Thumb Code     0  startup_stm32f40_41xxx.o(.text)
    USART3_IRQHandler                        0x08000263   Thumb Code     0  startup_stm32f40_41xxx.o(.text)
    USART6_IRQHandler                        0x08000263   Thumb Code     0  startup_stm32f40_41xxx.o(.text)
    WWDG_IRQHandler                          0x08000263   Thumb Code     0  startup_stm32f40_41xxx.o(.text)
    __user_initial_stackheap                 0x08000265   Thumb Code     0  startup_stm32f40_41xxx.o(.text)
    malloc                                   0x08000289   Thumb Code    94  h1_alloc.o(.text)
    free                                     0x080002e7   Thumb Code    78  h1_free.o(.text)
    __2sprintf                               0x08000335   Thumb Code    34  noretval__2sprintf.o(.text)
    _printf_pre_padding                      0x0800035d   Thumb Code    44  _printf_pad.o(.text)
    _printf_post_padding                     0x08000389   Thumb Code    34  _printf_pad.o(.text)
    __printf                                 0x080003ab   Thumb Code   270  __printf_wp.o(.text)
    strcpy                                   0x080004b9   Thumb Code    72  strcpy.o(.text)
    strlen                                   0x08000501   Thumb Code    62  strlen.o(.text)
    strcat                                   0x0800053f   Thumb Code    24  strcat.o(.text)
    __aeabi_memcpy                           0x08000557   Thumb Code     0  rt_memcpy_v6.o(.text)
    __rt_memcpy                              0x08000557   Thumb Code   138  rt_memcpy_v6.o(.text)
    _memcpy_lastbytes                        0x080005bd   Thumb Code     0  rt_memcpy_v6.o(.text)
    __aeabi_memcpy4                          0x080005e1   Thumb Code     0  rt_memcpy_w.o(.text)
    __aeabi_memcpy8                          0x080005e1   Thumb Code     0  rt_memcpy_w.o(.text)
    __rt_memcpy_w                            0x080005e1   Thumb Code   100  rt_memcpy_w.o(.text)
    _memcpy_lastbytes_aligned                0x08000629   Thumb Code     0  rt_memcpy_w.o(.text)
    __aeabi_memclr                           0x08000645   Thumb Code     0  rt_memclr.o(.text)
    __rt_memclr                              0x08000645   Thumb Code    68  rt_memclr.o(.text)
    _memset                                  0x08000649   Thumb Code     0  rt_memclr.o(.text)
    __use_two_region_memory                  0x08000689   Thumb Code     2  heapauxi.o(.text)
    __rt_heap_escrow                         0x0800068b   Thumb Code     2  heapauxi.o(.text)
    __rt_heap_expand                         0x0800068d   Thumb Code     2  heapauxi.o(.text)
    __rt_heap_descriptor                     0x08000691   Thumb Code     8  rt_heap_descriptor_intlibspace.o(.text)
    __use_no_heap                            0x08000699   Thumb Code     2  hguard.o(.text)
    __heap$guard                             0x0800069b   Thumb Code     2  hguard.o(.text)
    _terminate_user_alloc                    0x0800069d   Thumb Code     2  init_alloc.o(.text)
    _init_user_alloc                         0x0800069f   Thumb Code     2  init_alloc.o(.text)
    __Heap_Full                              0x080006a1   Thumb Code    34  init_alloc.o(.text)
    __Heap_Broken                            0x080006c3   Thumb Code     6  init_alloc.o(.text)
    _init_alloc                              0x080006c9   Thumb Code    94  init_alloc.o(.text)
    __Heap_Initialize                        0x08000727   Thumb Code    10  h1_init.o(.text)
    __Heap_DescSize                          0x08000731   Thumb Code     4  h1_init.o(.text)
    __read_errno                             0x08000735   Thumb Code    10  _rserrno.o(.text)
    __set_errno                              0x0800073f   Thumb Code    12  _rserrno.o(.text)
    __lib_sel_fp_printf                      0x0800074b   Thumb Code     2  _printf_fp_dec.o(.text)
    _printf_fp_dec_real                      0x080008fd   Thumb Code   620  _printf_fp_dec.o(.text)
    _printf_char_common                      0x08000b73   Thumb Code    32  _printf_char_common.o(.text)
    _sputc                                   0x08000b99   Thumb Code    10  _sputc.o(.text)
    __aeabi_memclr4                          0x08000ba3   Thumb Code     0  rt_memclr_w.o(.text)
    __aeabi_memclr8                          0x08000ba3   Thumb Code     0  rt_memclr_w.o(.text)
    __rt_memclr_w                            0x08000ba3   Thumb Code    78  rt_memclr_w.o(.text)
    _memset_w                                0x08000ba7   Thumb Code     0  rt_memclr_w.o(.text)
    __user_libspace                          0x08000bf1   Thumb Code     8  libspace.o(.text)
    __user_perproc_libspace                  0x08000bf1   Thumb Code     0  libspace.o(.text)
    __user_perthread_libspace                0x08000bf1   Thumb Code     0  libspace.o(.text)
    __rt_locale                              0x08000bf9   Thumb Code     8  rt_locale_intlibspace.o(.text)
    __aeabi_errno_addr                       0x08000c01   Thumb Code     8  rt_errno_addr_intlibspace.o(.text)
    __errno$intlibspace                      0x08000c01   Thumb Code     0  rt_errno_addr_intlibspace.o(.text)
    __rt_errno_addr$intlibspace              0x08000c01   Thumb Code     0  rt_errno_addr_intlibspace.o(.text)
    __Heap_ProvideMemory                     0x08000c09   Thumb Code    52  h1_extend.o(.text)
    _ll_udiv10                               0x08000c3d   Thumb Code   138  lludiv10.o(.text)
    _printf_fp_infnan                        0x08000cc9   Thumb Code   112  _printf_fp_infnan.o(.text)
    _btod_etento                             0x08000d49   Thumb Code   224  bigflt0.o(.text)
    __rt_SIGRTMEM                            0x08000e2d   Thumb Code    14  defsig_rtmem_outer.o(.text)
    __I$use$semihosting                      0x08000e3b   Thumb Code     0  use_no_semi.o(.text)
    __use_no_semihosting_swi                 0x08000e3b   Thumb Code     2  use_no_semi.o(.text)
    __semihosting_library_function           0x08000e3d   Thumb Code     0  indicate_semi.o(.text)
    __user_setup_stackheap                   0x08000e3d   Thumb Code    74  sys_stackheap_outer.o(.text)
    exit                                     0x08000e87   Thumb Code    18  exit.o(.text)
    __sig_exit                               0x08000e99   Thumb Code    10  defsig_exit.o(.text)
    __rt_SIGRTMEM_inner                      0x08000ea5   Thumb Code    22  defsig_rtmem_inner.o(.text)
    strcmp                                   0x08000ef5   Thumb Code   128  strcmpv7m.o(.text)
    _sys_exit                                0x08000f75   Thumb Code     8  sys_exit.o(.text)
    __default_signal_display                 0x08000f81   Thumb Code    50  defsig_general.o(.text)
    _ttywrch                                 0x08000fb3   Thumb Code    14  sys_wrch.o(.text)
    _btod_d2e                                0x08000fc1   Thumb Code    62  btod.o(CL$$btod_d2e)
    _d2e_denorm_low                          0x08000fff   Thumb Code    70  btod.o(CL$$btod_d2e_denorm_low)
    _d2e_norm_op1                            0x08001045   Thumb Code    96  btod.o(CL$$btod_d2e_norm_op1)
    __btod_div_common                        0x080010a5   Thumb Code   696  btod.o(CL$$btod_div_common)
    _e2e                                     0x080013dd   Thumb Code   220  btod.o(CL$$btod_e2e)
    _btod_ediv                               0x080014b9   Thumb Code    42  btod.o(CL$$btod_ediv)
    _btod_emul                               0x080014e3   Thumb Code    42  btod.o(CL$$btod_emul)
    __btod_mult_common                       0x0800150d   Thumb Code   580  btod.o(CL$$btod_mult_common)
    ApplyCmd                                 0x08001751   Thumb Code  2058  main.o(i.ApplyCmd)
    ApplyCmd_android                         0x08001fa9   Thumb Code  2054  main.o(i.ApplyCmd_android)
    Bytes2float                              0x080027fd   Thumb Code    32  calculator.o(i.Bytes2float)
    Calcu_Pos                                0x0800281d   Thumb Code   112  servo.o(i.Calcu_Pos)
    DMA1_Stream1_IRQHandler                  0x0800289d   Thumb Code    74  main.o(i.DMA1_Stream1_IRQHandler)
    DMA2_Stream2_IRQHandler                  0x080028f9   Thumb Code    74  main.o(i.DMA2_Stream2_IRQHandler)
    DMA_ClearFlag                            0x08002955   Thumb Code    38  stm32f4xx_dma.o(i.DMA_ClearFlag)
    DMA_ClearITPendingBit                    0x08002989   Thumb Code    38  stm32f4xx_dma.o(i.DMA_ClearITPendingBit)
    DMA_Cmd                                  0x080029bd   Thumb Code    22  stm32f4xx_dma.o(i.DMA_Cmd)
    DMA_ITConfig                             0x080029d3   Thumb Code    58  stm32f4xx_dma.o(i.DMA_ITConfig)
    DMA_Init                                 0x08002a0d   Thumb Code    82  stm32f4xx_dma.o(i.DMA_Init)
    EEP_Init                                 0x08002a65   Thumb Code   132  eeprom.o(i.EEP_Init)
    EEP_ReadBytes                            0x08002af5   Thumb Code    84  eeprom.o(i.EEP_ReadBytes)
    EEP_WriteBytes                           0x08002b4d   Thumb Code    92  eeprom.o(i.EEP_WriteBytes)
    ENC_Reset                                0x08002bad   Thumb Code    34  encoder.o(i.ENC_Reset)
    ENC_Timer_Init                           0x08002bd5   Thumb Code    92  encoder.o(i.ENC_Timer_Init)
    EXTI15_10_IRQHandler                     0x08002c31   Thumb Code   170  homeswitch.o(i.EXTI15_10_IRQHandler)
    EXTI1_IRQHandler                         0x08002ce9   Thumb Code    42  homeswitch.o(i.EXTI1_IRQHandler)
    EXTI2_IRQHandler                         0x08002d21   Thumb Code    42  homeswitch.o(i.EXTI2_IRQHandler)
    EXTI_ClearITPendingBit                   0x08002d59   Thumb Code     6  stm32f4xx_exti.o(i.EXTI_ClearITPendingBit)
    EXTI_GetITStatus                         0x08002d65   Thumb Code    20  stm32f4xx_exti.o(i.EXTI_GetITStatus)
    EXTI_Init                                0x08002d7d   Thumb Code   142  stm32f4xx_exti.o(i.EXTI_Init)
    Ex_Usart_SendData                        0x08002e11   Thumb Code   152  uart.o(i.Ex_Usart_SendData)
    FSMC_ENC_Reset                           0x08002ec9   Thumb Code    72  fsmc.o(i.FSMC_ENC_Reset)
    FSMC_ENC_Update_Pos                      0x08002f29   Thumb Code   198  fsmc.o(i.FSMC_ENC_Update_Pos)
    FSMC_Init                                0x08003001   Thumb Code   508  fsmc.o(i.FSMC_Init)
    FSMC_NORSRAMCmd                          0x0800320d   Thumb Code    46  stm32f4xx_fsmc.o(i.FSMC_NORSRAMCmd)
    FSMC_NORSRAMInit                         0x08003241   Thumb Code   230  stm32f4xx_fsmc.o(i.FSMC_NORSRAMInit)
    FSMC_Read                                0x08003329   Thumb Code    14  fsmc.o(i.FSMC_Read)
    FSMC_Write                               0x0800333d   Thumb Code     4  fsmc.o(i.FSMC_Write)
    GPIO_Init                                0x08003341   Thumb Code   144  stm32f4xx_gpio.o(i.GPIO_Init)
    GPIO_PinAFConfig                         0x080033d1   Thumb Code    70  stm32f4xx_gpio.o(i.GPIO_PinAFConfig)
    GPIO_ReadInputDataBit                    0x08003417   Thumb Code    18  stm32f4xx_gpio.o(i.GPIO_ReadInputDataBit)
    GPIO_ResetBits                           0x08003429   Thumb Code     4  stm32f4xx_gpio.o(i.GPIO_ResetBits)
    GPIO_SetBits                             0x0800342d   Thumb Code     4  stm32f4xx_gpio.o(i.GPIO_SetBits)
    HomeScanMode                             0x08003431   Thumb Code   320  operationmode.o(i.HomeScanMode)
    Home_Scan_Begin                          0x080035d1   Thumb Code    24  homeswitch.o(i.Home_Scan_Begin)
    Home_Status                              0x080035ed   Thumb Code    42  homeswitch.o(i.Home_Status)
    I2C_AcknowledgeConfig                    0x0800361d   Thumb Code    24  stm32f4xx_i2c.o(i.I2C_AcknowledgeConfig)
    I2C_CheckEvent                           0x08003635   Thumb Code    42  stm32f4xx_i2c.o(i.I2C_CheckEvent)
    I2C_Cmd                                  0x0800365f   Thumb Code    24  stm32f4xx_i2c.o(i.I2C_Cmd)
    I2C_DeInit                               0x08003679   Thumb Code    82  stm32f4xx_i2c.o(i.I2C_DeInit)
    I2C_GenerateSTART                        0x080036d9   Thumb Code    24  stm32f4xx_i2c.o(i.I2C_GenerateSTART)
    I2C_GenerateSTOP                         0x080036f1   Thumb Code    24  stm32f4xx_i2c.o(i.I2C_GenerateSTOP)
    I2C_GetFlagStatus                        0x08003709   Thumb Code    58  stm32f4xx_i2c.o(i.I2C_GetFlagStatus)
    I2C_Init                                 0x08003745   Thumb Code   218  stm32f4xx_i2c.o(i.I2C_Init)
    I2C_ReadBytes                            0x0800382d   Thumb Code   336  eeprom.o(i.I2C_ReadBytes)
    I2C_ReceiveData                          0x08003989   Thumb Code     8  stm32f4xx_i2c.o(i.I2C_ReceiveData)
    I2C_Send7bitAddress                      0x08003991   Thumb Code    16  stm32f4xx_i2c.o(i.I2C_Send7bitAddress)
    I2C_SendData                             0x080039a1   Thumb Code     4  stm32f4xx_i2c.o(i.I2C_SendData)
    I2C_WriteBytes                           0x080039a5   Thumb Code   230  eeprom.o(i.I2C_WriteBytes)
    IdleMode                                 0x08003a99   Thumb Code    32  operationmode.o(i.IdleMode)
    InverseKinematicMode                     0x08003ad9   Thumb Code   396  operationmode.o(i.InverseKinematicMode)
    NVIC_Init                                0x08003d09   Thumb Code   106  misc.o(i.NVIC_Init)
    NVIC_PriorityGroupConfig                 0x08003d81   Thumb Code    10  misc.o(i.NVIC_PriorityGroupConfig)
    Pos_servo_all                            0x08003d95   Thumb Code   582  servo.o(i.Pos_servo_all)
    RCC_AHB1PeriphClockCmd                   0x08004009   Thumb Code    26  stm32f4xx_rcc.o(i.RCC_AHB1PeriphClockCmd)
    RCC_AHB3PeriphClockCmd                   0x08004029   Thumb Code    26  stm32f4xx_rcc.o(i.RCC_AHB3PeriphClockCmd)
    RCC_APB1PeriphClockCmd                   0x08004049   Thumb Code    26  stm32f4xx_rcc.o(i.RCC_APB1PeriphClockCmd)
    RCC_APB1PeriphResetCmd                   0x08004069   Thumb Code    26  stm32f4xx_rcc.o(i.RCC_APB1PeriphResetCmd)
    RCC_APB2PeriphClockCmd                   0x08004089   Thumb Code    26  stm32f4xx_rcc.o(i.RCC_APB2PeriphClockCmd)
    RCC_GetClocksFreq                        0x080040a9   Thumb Code   214  stm32f4xx_rcc.o(i.RCC_GetClocksFreq)
    Read_Home_Switch                         0x08004191   Thumb Code   250  utils.o(i.Read_Home_Switch)
    SYSCFG_EXTILineConfig                    0x08004295   Thumb Code    60  stm32f4xx_syscfg.o(i.SYSCFG_EXTILineConfig)
    Servo_Control_Timer_Init                 0x080042d5   Thumb Code    88  servo.o(i.Servo_Control_Timer_Init)
    Servo_Home_Switch_Init                   0x08004331   Thumb Code   680  homeswitch.o(i.Servo_Home_Switch_Init)
    Servo_pos_per_cycle                      0x080045e1   Thumb Code   506  servo.o(i.Servo_pos_per_cycle)
    Servo_pulse                              0x080047f9   Thumb Code    50  fsmc.o(i.Servo_pulse)
    SystemInit                               0x08004919   Thumb Code    88  system_stm32f4xx.o(i.SystemInit)
    TIM2_IRQHandler                          0x08004981   Thumb Code    88  encoder.o(i.TIM2_IRQHandler)
    TIM3_IRQHandler                          0x080049e5   Thumb Code    60  servo.o(i.TIM3_IRQHandler)
    TIM_ClearITPendingBit                    0x08004a2d   Thumb Code     6  stm32f4xx_tim.o(i.TIM_ClearITPendingBit)
    TIM_Cmd                                  0x08004a33   Thumb Code    24  stm32f4xx_tim.o(i.TIM_Cmd)
    TIM_GetITStatus                          0x08004a4b   Thumb Code    34  stm32f4xx_tim.o(i.TIM_GetITStatus)
    TIM_ITConfig                             0x08004a6d   Thumb Code    18  stm32f4xx_tim.o(i.TIM_ITConfig)
    TIM_TimeBaseInit                         0x08004a81   Thumb Code   104  stm32f4xx_tim.o(i.TIM_TimeBaseInit)
    TestingMode                              0x08004b05   Thumb Code   230  operationmode.o(i.TestingMode)
    UART_DMA_Init                            0x08004c2d   Thumb Code   378  uart.o(i.UART_DMA_Init)
    UART_DMA_Init_android                    0x08004dbd   Thumb Code   374  uart.o(i.UART_DMA_Init_android)
    UART_Send_PC_Encoder_Pos                 0x08004f49   Thumb Code   178  uart.o(i.UART_Send_PC_Encoder_Pos)
    USART_Cmd                                0x0800501d   Thumb Code    24  stm32f4xx_usart.o(i.USART_Cmd)
    USART_DMACmd                             0x08005035   Thumb Code    18  stm32f4xx_usart.o(i.USART_DMACmd)
    USART_Init                               0x08005049   Thumb Code   204  stm32f4xx_usart.o(i.USART_Init)
    Uart_Cmd_Update                          0x0800511d   Thumb Code    50  uart.o(i.Uart_Cmd_Update)
    Uart_Cmd_Update_android                  0x0800515d   Thumb Code    50  uart.o(i.Uart_Cmd_Update_android)
    Uart_Program                             0x0800519d   Thumb Code    62  main.o(i.Uart_Program)
    Uart_Program_android                     0x08005209   Thumb Code    64  main.o(i.Uart_Program_android)
    __ARM_fpclassify                         0x08005275   Thumb Code    48  fpclassify.o(i.__ARM_fpclassify)
    __hardfp_cos                             0x080052a9   Thumb Code   180  cos.o(i.__hardfp_cos)
    __hardfp_sin                             0x08005371   Thumb Code   180  sin.o(i.__hardfp_sin)
    __hardfp_sqrt                            0x08005439   Thumb Code   122  sqrt.o(i.__hardfp_sqrt)
    __ieee754_rem_pio2                       0x080054b9   Thumb Code   938  rred.o(i.__ieee754_rem_pio2)
    __kernel_cos                             0x080058f1   Thumb Code   322  cos_i.o(i.__kernel_cos)
    __kernel_poly                            0x08005a61   Thumb Code   248  poly.o(i.__kernel_poly)
    __kernel_sin                             0x08005b59   Thumb Code   280  sin_i.o(i.__kernel_sin)
    __mathlib_dbl_infnan                     0x08005c89   Thumb Code    20  dunder.o(i.__mathlib_dbl_infnan)
    __mathlib_dbl_invalid                    0x08005ca1   Thumb Code    24  dunder.o(i.__mathlib_dbl_invalid)
    __mathlib_dbl_underflow                  0x08005cc1   Thumb Code    24  dunder.o(i.__mathlib_dbl_underflow)
    _is_digit                                0x08005ce1   Thumb Code    14  __printf_wp.o(i._is_digit)
    asc2dou                                  0x08005cef   Thumb Code    14  calculator.o(i.asc2dou)
    delay_01ms                               0x08005cfd   Thumb Code    66  utils.o(i.delay_01ms)
    fabs                                     0x08005d45   Thumb Code    24  fabs.o(i.fabs)
    find_a_factor                            0x08005d5d   Thumb Code   352  calculator.o(i.find_a_factor)
    float2Bytes                              0x08005ec1   Thumb Code     6  calculator.o(i.float2Bytes)
    height_triangle                          0x08005ec9   Thumb Code   154  calculator.o(i.height_triangle)
    inverse_kinematic                        0x08005f6d   Thumb Code  1132  kinematic.o(i.inverse_kinematic)
    is_minus                                 0x080063d9   Thumb Code    16  calculator.o(i.is_minus)
    main                                     0x080063e9   Thumb Code   474  main.o(i.main)
    matR_calculate                           0x0800665d   Thumb Code  1348  kinematic.o(i.matR_calculate)
    matrix_addition                          0x08006ba1   Thumb Code   346  calculator.o(i.matrix_addition)
    matrix_inverse                           0x08006cfd   Thumb Code   362  calculator.o(i.matrix_inverse)
    matrix_multiplication                    0x08006e6d   Thumb Code   400  calculator.o(i.matrix_multiplication)
    my_delay_us                              0x08007001   Thumb Code    36  utils.o(i.my_delay_us)
    pos2pul                                  0x08007029   Thumb Code    26  calculator.o(i.pos2pul)
    pos2pul_redundance                       0x08007049   Thumb Code   130  calculator.o(i.pos2pul_redundance)
    pos_calculate                            0x080070d5   Thumb Code    28  kinematic.o(i.pos_calculate)
    pul2pos                                  0x080070f5   Thumb Code    56  calculator.o(i.pul2pos)
    pulse_path_planning                      0x08007135   Thumb Code    96  calculator.o(i.pulse_path_planning)
    pulse_pp_cal                             0x08007195   Thumb Code    86  calculator.o(i.pulse_pp_cal)
    q_calculate                              0x080071eb   Thumb Code    90  calculator.o(i.q_calculate)
    vector_3_norm                            0x08007245   Thumb Code    92  calculator.o(i.vector_3_norm)
    _get_lc_numeric                          0x080072a1   Thumb Code    44  lc_numeric_c.o(locale$$code)
    __aeabi_dneg                             0x080072cd   Thumb Code     0  basic.o(x$fpl$basic)
    _dneg                                    0x080072cd   Thumb Code     6  basic.o(x$fpl$basic)
    __aeabi_fneg                             0x080072d3   Thumb Code     0  basic.o(x$fpl$basic)
    _fneg                                    0x080072d3   Thumb Code     6  basic.o(x$fpl$basic)
    _dabs                                    0x080072d9   Thumb Code     6  basic.o(x$fpl$basic)
    _fabs                                    0x080072df   Thumb Code     6  basic.o(x$fpl$basic)
    __aeabi_d2f                              0x080072e5   Thumb Code     0  d2f.o(x$fpl$d2f)
    _d2f                                     0x080072e5   Thumb Code    98  d2f.o(x$fpl$d2f)
    __aeabi_dadd                             0x08007349   Thumb Code     0  daddsub_clz.o(x$fpl$dadd)
    _dadd                                    0x08007349   Thumb Code   332  daddsub_clz.o(x$fpl$dadd)
    __aeabi_ddiv                             0x08007499   Thumb Code     0  ddiv.o(x$fpl$ddiv)
    _ddiv                                    0x08007499   Thumb Code   552  ddiv.o(x$fpl$ddiv)
    __aeabi_d2iz                             0x08007749   Thumb Code     0  dfix.o(x$fpl$dfix)
    _dfix                                    0x08007749   Thumb Code    94  dfix.o(x$fpl$dfix)
    __aeabi_i2d                              0x080077a7   Thumb Code     0  dflt_clz.o(x$fpl$dflt)
    _dflt                                    0x080077a7   Thumb Code    46  dflt_clz.o(x$fpl$dflt)
    __aeabi_ui2d                             0x080077d5   Thumb Code     0  dflt_clz.o(x$fpl$dfltu)
    _dfltu                                   0x080077d5   Thumb Code    38  dflt_clz.o(x$fpl$dfltu)
    __aeabi_dmul                             0x080077fd   Thumb Code     0  dmul.o(x$fpl$dmul)
    _dmul                                    0x080077fd   Thumb Code   332  dmul.o(x$fpl$dmul)
    __fpl_dnaninf                            0x08007951   Thumb Code   156  dnaninf.o(x$fpl$dnaninf)
    __fpl_dretinf                            0x080079ed   Thumb Code    12  dretinf.o(x$fpl$dretinf)
    __aeabi_drsub                            0x080079f9   Thumb Code     0  daddsub_clz.o(x$fpl$drsb)
    _drsb                                    0x080079f9   Thumb Code    22  daddsub_clz.o(x$fpl$drsb)
    _dsqrt                                   0x08007a11   Thumb Code   404  dsqrt_umaal.o(x$fpl$dsqrt)
    __aeabi_dsub                             0x08007ba9   Thumb Code     0  daddsub_clz.o(x$fpl$dsub)
    _dsub                                    0x08007ba9   Thumb Code   464  daddsub_clz.o(x$fpl$dsub)
    __aeabi_f2d                              0x08007d7d   Thumb Code     0  f2d.o(x$fpl$f2d)
    _f2d                                     0x08007d7d   Thumb Code    86  f2d.o(x$fpl$f2d)
    __fpl_fnaninf                            0x08007dd3   Thumb Code   140  fnaninf.o(x$fpl$fnaninf)
    _fp_init                                 0x08007e5f   Thumb Code    10  fpinit.o(x$fpl$fpinit)
    __fplib_config_fpu_vfp                   0x08007e67   Thumb Code     0  fpinit.o(x$fpl$fpinit)
    __fplib_config_pureend_doubles           0x08007e67   Thumb Code     0  fpinit.o(x$fpl$fpinit)
    __fpl_fretinf                            0x08007e69   Thumb Code    10  fretinf.o(x$fpl$fretinf)
    _printf_fp_dec                           0x08007e73   Thumb Code     4  printf1.o(x$fpl$printf1)
    __I$use$fp                               0x08007e76   Number         0  usenofp.o(x$fpl$usenofp)
    Region$$Table$$Base                      0x0800807c   Number         0  anon$$obj.o(Region$$Table)
    Region$$Table$$Limit                     0x0800809c   Number         0  anon$$obj.o(Region$$Table)
    rx_flag                                  0x20000000   Data           1  main.o(.data)
    rx_flag_android                          0x20000001   Data           1  main.o(.data)
    update_cmd_busy_flag                     0x20000002   Data           1  main.o(.data)
    update_cmd_busy_flag_android             0x20000003   Data           1  main.o(.data)
    save_pos_count                           0x20000004   Data           2  main.o(.data)
    vSGUI_ready_flag                         0x20000006   Data           1  main.o(.data)
    android_ready_flag                       0x20000007   Data           1  main.o(.data)
    p                                        0x2000000a   Data           1  main.o(.data)
    ui_delay                                 0x2000001c   Data           4  operationmode.o(.data)
    Mode                                     0x20000020   Data           1  operationmode.o(.data)
    countT3                                  0x20000024   Data           4  servo.o(.data)
    Servo_dir                                0x2000002e   Data           6  servo.o(.data)
    pulse_empty                              0x20000034   Data           6  servo.o(.data)
    frame_for_android                        0x2000003b   Data         100  uart.o(.data)
    len                                      0x2000009f   Data           1  uart.o(.data)
    countT2                                  0x200000a4   Data           4  encoder.o(.data)
    HOME_OFFSET                              0x200000a8   Data          24  main.o(.bss)
    MAX_OF_TRIP                              0x200000c0   Data          24  main.o(.bss)
    str_tx_uart                              0x200000d8   Data         500  main.o(.bss)
    str_tx_uart_android                      0x200002cc   Data         500  main.o(.bss)
    st_hexapod_data                          0x200004c0   Data          24  main.o(.bss)
    st_servo_data                            0x20000520   Data         216  homeswitch.o(.bss)
    Servo_pos_pre                            0x200005f8   Data          24  servo.o(.bss)
    Servo_pos_cur                            0x20000610   Data          24  servo.o(.bss)
    Servo_pos_distance                       0x20000628   Data          24  servo.o(.bss)
    txbuff                                   0x200006b0   Data         500  uart.o(.bss)
    rxbuff                                   0x200008a4   Data          52  uart.o(.bss)
    txbuff_android                           0x200008d8   Data         500  uart.o(.bss)
    rxbuff_android                           0x20000acc   Data          52  uart.o(.bss)
    frame                                    0x20000b00   Data         100  uart.o(.bss)
    __libspace_start                         0x20000c2c   Data          96  libspace.o(.bss)
    __temporary_stack_top$libspace           0x20000c8c   Data           0  libspace.o(.bss)



==============================================================================

Memory Map of the image

  Image Entry point : 0x08000249

  Load Region LR_1 (Base: 0x08000000, Size: 0x00008160, Max: 0xffffffff, ABSOLUTE)

    Execution Region ER_RO (Exec base: 0x08000000, Load base: 0x08000000, Size: 0x000080b8, Max: 0xffffffff, ABSOLUTE)

    Exec Addr    Load Addr    Size         Type   Attr      Idx    E Section Name        Object

    0x08000000   0x08000000   0x00000188   Data   RO          150    RESET               startup_stm32f40_41xxx.o
    0x08000188   0x08000188   0x00000008   Code   RO         3295  * !!!main             c_w.l(__main.o)
    0x08000190   0x08000190   0x00000034   Code   RO         3692    !!!scatter          c_w.l(__scatter.o)
    0x080001c4   0x080001c4   0x0000001a   Code   RO         3694    !!handler_copy      c_w.l(__scatter_copy.o)
    0x080001de   0x080001de   0x00000002   PAD
    0x080001e0   0x080001e0   0x0000001c   Code   RO         3696    !!handler_zi        c_w.l(__scatter_zi.o)
    0x080001fc   0x080001fc   0x00000000   Code   RO         3280    .ARM.Collect$$_printf_percent$$00000000  c_w.l(_printf_percent.o)
    0x080001fc   0x080001fc   0x00000006   Code   RO         3279    .ARM.Collect$$_printf_percent$$00000003  c_w.l(_printf_f.o)
    0x08000202   0x08000202   0x00000004   Code   RO         3401    .ARM.Collect$$_printf_percent$$00000017  c_w.l(_printf_percent_end.o)
    0x08000206   0x08000206   0x00000002   Code   RO         3631    .ARM.Collect$$libinit$$00000000  c_w.l(libinit.o)
    0x08000208   0x08000208   0x00000004   Code   RO         3406    .ARM.Collect$$libinit$$00000001  c_w.l(libinit2.o)
    0x0800020c   0x0800020c   0x00000000   Code   RO         3409    .ARM.Collect$$libinit$$00000004  c_w.l(libinit2.o)
    0x0800020c   0x0800020c   0x00000008   Code   RO         3410    .ARM.Collect$$libinit$$00000005  c_w.l(libinit2.o)
    0x08000214   0x08000214   0x00000000   Code   RO         3412    .ARM.Collect$$libinit$$0000000A  c_w.l(libinit2.o)
    0x08000214   0x08000214   0x00000000   Code   RO         3414    .ARM.Collect$$libinit$$0000000C  c_w.l(libinit2.o)
    0x08000214   0x08000214   0x00000000   Code   RO         3416    .ARM.Collect$$libinit$$0000000E  c_w.l(libinit2.o)
    0x08000214   0x08000214   0x00000006   Code   RO         3417    .ARM.Collect$$libinit$$0000000F  c_w.l(libinit2.o)
    0x0800021a   0x0800021a   0x00000000   Code   RO         3419    .ARM.Collect$$libinit$$00000011  c_w.l(libinit2.o)
    0x0800021a   0x0800021a   0x00000000   Code   RO         3421    .ARM.Collect$$libinit$$00000013  c_w.l(libinit2.o)
    0x0800021a   0x0800021a   0x00000000   Code   RO         3423    .ARM.Collect$$libinit$$00000015  c_w.l(libinit2.o)
    0x0800021a   0x0800021a   0x0000000a   Code   RO         3424    .ARM.Collect$$libinit$$00000016  c_w.l(libinit2.o)
    0x08000224   0x08000224   0x00000000   Code   RO         3425    .ARM.Collect$$libinit$$00000017  c_w.l(libinit2.o)
    0x08000224   0x08000224   0x00000000   Code   RO         3427    .ARM.Collect$$libinit$$00000019  c_w.l(libinit2.o)
    0x08000224   0x08000224   0x00000000   Code   RO         3429    .ARM.Collect$$libinit$$0000001B  c_w.l(libinit2.o)
    0x08000224   0x08000224   0x00000000   Code   RO         3431    .ARM.Collect$$libinit$$0000001D  c_w.l(libinit2.o)
    0x08000224   0x08000224   0x00000000   Code   RO         3433    .ARM.Collect$$libinit$$0000001F  c_w.l(libinit2.o)
    0x08000224   0x08000224   0x00000000   Code   RO         3435    .ARM.Collect$$libinit$$00000021  c_w.l(libinit2.o)
    0x08000224   0x08000224   0x00000000   Code   RO         3437    .ARM.Collect$$libinit$$00000023  c_w.l(libinit2.o)
    0x08000224   0x08000224   0x00000000   Code   RO         3439    .ARM.Collect$$libinit$$00000025  c_w.l(libinit2.o)
    0x08000224   0x08000224   0x00000000   Code   RO         3443    .ARM.Collect$$libinit$$0000002C  c_w.l(libinit2.o)
    0x08000224   0x08000224   0x00000000   Code   RO         3445    .ARM.Collect$$libinit$$0000002E  c_w.l(libinit2.o)
    0x08000224   0x08000224   0x00000000   Code   RO         3447    .ARM.Collect$$libinit$$00000030  c_w.l(libinit2.o)
    0x08000224   0x08000224   0x00000000   Code   RO         3449    .ARM.Collect$$libinit$$00000032  c_w.l(libinit2.o)
    0x08000224   0x08000224   0x00000002   Code   RO         3450    .ARM.Collect$$libinit$$00000033  c_w.l(libinit2.o)
    0x08000226   0x08000226   0x00000002   Code   RO         3689    .ARM.Collect$$libshutdown$$00000000  c_w.l(libshutdown.o)
    0x08000228   0x08000228   0x00000000   Code   RO         3645    .ARM.Collect$$libshutdown$$00000002  c_w.l(libshutdown2.o)
    0x08000228   0x08000228   0x00000000   Code   RO         3647    .ARM.Collect$$libshutdown$$00000004  c_w.l(libshutdown2.o)
    0x08000228   0x08000228   0x00000000   Code   RO         3650    .ARM.Collect$$libshutdown$$00000007  c_w.l(libshutdown2.o)
    0x08000228   0x08000228   0x00000000   Code   RO         3653    .ARM.Collect$$libshutdown$$0000000A  c_w.l(libshutdown2.o)
    0x08000228   0x08000228   0x00000000   Code   RO         3655    .ARM.Collect$$libshutdown$$0000000C  c_w.l(libshutdown2.o)
    0x08000228   0x08000228   0x00000000   Code   RO         3658    .ARM.Collect$$libshutdown$$0000000F  c_w.l(libshutdown2.o)
    0x08000228   0x08000228   0x00000002   Code   RO         3659    .ARM.Collect$$libshutdown$$00000010  c_w.l(libshutdown2.o)
    0x0800022a   0x0800022a   0x00000000   Code   RO         3367    .ARM.Collect$$rtentry$$00000000  c_w.l(__rtentry.o)
    0x0800022a   0x0800022a   0x00000000   Code   RO         3504    .ARM.Collect$$rtentry$$00000002  c_w.l(__rtentry2.o)
    0x0800022a   0x0800022a   0x00000006   Code   RO         3516    .ARM.Collect$$rtentry$$00000004  c_w.l(__rtentry4.o)
    0x08000230   0x08000230   0x00000000   Code   RO         3506    .ARM.Collect$$rtentry$$00000009  c_w.l(__rtentry2.o)
    0x08000230   0x08000230   0x00000004   Code   RO         3507    .ARM.Collect$$rtentry$$0000000A  c_w.l(__rtentry2.o)
    0x08000234   0x08000234   0x00000000   Code   RO         3509    .ARM.Collect$$rtentry$$0000000C  c_w.l(__rtentry2.o)
    0x08000234   0x08000234   0x00000008   Code   RO         3510    .ARM.Collect$$rtentry$$0000000D  c_w.l(__rtentry2.o)
    0x0800023c   0x0800023c   0x00000002   Code   RO         3634    .ARM.Collect$$rtexit$$00000000  c_w.l(rtexit.o)
    0x0800023e   0x0800023e   0x00000000   Code   RO         3663    .ARM.Collect$$rtexit$$00000002  c_w.l(rtexit2.o)
    0x0800023e   0x0800023e   0x00000004   Code   RO         3664    .ARM.Collect$$rtexit$$00000003  c_w.l(rtexit2.o)
    0x08000242   0x08000242   0x00000006   Code   RO         3665    .ARM.Collect$$rtexit$$00000004  c_w.l(rtexit2.o)
    0x08000248   0x08000248   0x00000000   Code   RO         3530    .emb_text           c_w.l(maybetermalloc1.o)
    0x08000248   0x08000248   0x00000040   Code   RO          151  * .text               startup_stm32f40_41xxx.o
    0x08000288   0x08000288   0x0000005e   Code   RO         3193    .text               c_w.l(h1_alloc.o)
    0x080002e6   0x080002e6   0x0000004e   Code   RO         3195    .text               c_w.l(h1_free.o)
    0x08000334   0x08000334   0x00000028   Code   RO         3253    .text               c_w.l(noretval__2sprintf.o)
    0x0800035c   0x0800035c   0x0000004e   Code   RO         3257    .text               c_w.l(_printf_pad.o)
    0x080003aa   0x080003aa   0x0000010e   Code   RO         3267    .text               c_w.l(__printf_wp.o)
    0x080004b8   0x080004b8   0x00000048   Code   RO         3281    .text               c_w.l(strcpy.o)
    0x08000500   0x08000500   0x0000003e   Code   RO         3283    .text               c_w.l(strlen.o)
    0x0800053e   0x0800053e   0x00000018   Code   RO         3285    .text               c_w.l(strcat.o)
    0x08000556   0x08000556   0x0000008a   Code   RO         3287    .text               c_w.l(rt_memcpy_v6.o)
    0x080005e0   0x080005e0   0x00000064   Code   RO         3289    .text               c_w.l(rt_memcpy_w.o)
    0x08000644   0x08000644   0x00000044   Code   RO         3291    .text               c_w.l(rt_memclr.o)
    0x08000688   0x08000688   0x00000006   Code   RO         3293    .text               c_w.l(heapauxi.o)
    0x0800068e   0x0800068e   0x00000002   PAD
    0x08000690   0x08000690   0x00000008   Code   RO         3371    .text               c_w.l(rt_heap_descriptor_intlibspace.o)
    0x08000698   0x08000698   0x00000004   Code   RO         3373    .text               c_w.l(hguard.o)
    0x0800069c   0x0800069c   0x0000008a   Code   RO         3375    .text               c_w.l(init_alloc.o)
    0x08000726   0x08000726   0x0000000e   Code   RO         3379    .text               c_w.l(h1_init.o)
    0x08000734   0x08000734   0x00000016   Code   RO         3393    .text               c_w.l(_rserrno.o)
    0x0800074a   0x0800074a   0x0000041e   Code   RO         3395    .text               c_w.l(_printf_fp_dec.o)
    0x08000b68   0x08000b68   0x00000030   Code   RO         3397    .text               c_w.l(_printf_char_common.o)
    0x08000b98   0x08000b98   0x0000000a   Code   RO         3399    .text               c_w.l(_sputc.o)
    0x08000ba2   0x08000ba2   0x0000004e   Code   RO         3402    .text               c_w.l(rt_memclr_w.o)
    0x08000bf0   0x08000bf0   0x00000008   Code   RO         3500    .text               c_w.l(libspace.o)
    0x08000bf8   0x08000bf8   0x00000008   Code   RO         3521    .text               c_w.l(rt_locale_intlibspace.o)
    0x08000c00   0x08000c00   0x00000008   Code   RO         3526    .text               c_w.l(rt_errno_addr_intlibspace.o)
    0x08000c08   0x08000c08   0x00000034   Code   RO         3532    .text               c_w.l(h1_extend.o)
    0x08000c3c   0x08000c3c   0x0000008a   Code   RO         3536    .text               c_w.l(lludiv10.o)
    0x08000cc6   0x08000cc6   0x00000002   PAD
    0x08000cc8   0x08000cc8   0x00000080   Code   RO         3538    .text               c_w.l(_printf_fp_infnan.o)
    0x08000d48   0x08000d48   0x000000e4   Code   RO         3542    .text               c_w.l(bigflt0.o)
    0x08000e2c   0x08000e2c   0x0000000e   Code   RO         3570    .text               c_w.l(defsig_rtmem_outer.o)
    0x08000e3a   0x08000e3a   0x00000002   Code   RO         3605    .text               c_w.l(use_no_semi.o)
    0x08000e3c   0x08000e3c   0x00000000   Code   RO         3607    .text               c_w.l(indicate_semi.o)
    0x08000e3c   0x08000e3c   0x0000004a   Code   RO         3608    .text               c_w.l(sys_stackheap_outer.o)
    0x08000e86   0x08000e86   0x00000012   Code   RO         3614    .text               c_w.l(exit.o)
    0x08000e98   0x08000e98   0x0000000a   Code   RO         3616    .text               c_w.l(defsig_exit.o)
    0x08000ea2   0x08000ea2   0x00000002   PAD
    0x08000ea4   0x08000ea4   0x00000050   Code   RO         3618    .text               c_w.l(defsig_rtmem_inner.o)
    0x08000ef4   0x08000ef4   0x00000080   Code   RO         3620    .text               c_w.l(strcmpv7m.o)
    0x08000f74   0x08000f74   0x0000000c   Code   RO         3632    .text               c_w.l(sys_exit.o)
    0x08000f80   0x08000f80   0x00000032   Code   RO         3642    .text               c_w.l(defsig_general.o)
    0x08000fb2   0x08000fb2   0x0000000e   Code   RO         3660    .text               c_w.l(sys_wrch.o)
    0x08000fc0   0x08000fc0   0x0000003e   Code   RO         3545    CL$$btod_d2e        c_w.l(btod.o)
    0x08000ffe   0x08000ffe   0x00000046   Code   RO         3547    CL$$btod_d2e_denorm_low  c_w.l(btod.o)
    0x08001044   0x08001044   0x00000060   Code   RO         3546    CL$$btod_d2e_norm_op1  c_w.l(btod.o)
    0x080010a4   0x080010a4   0x00000338   Code   RO         3555    CL$$btod_div_common  c_w.l(btod.o)
    0x080013dc   0x080013dc   0x000000dc   Code   RO         3552    CL$$btod_e2e        c_w.l(btod.o)
    0x080014b8   0x080014b8   0x0000002a   Code   RO         3549    CL$$btod_ediv       c_w.l(btod.o)
    0x080014e2   0x080014e2   0x0000002a   Code   RO         3548    CL$$btod_emul       c_w.l(btod.o)
    0x0800150c   0x0800150c   0x00000244   Code   RO         3554    CL$$btod_mult_common  c_w.l(btod.o)
    0x08001750   0x08001750   0x00000858   Code   RO          158    i.ApplyCmd          main.o
    0x08001fa8   0x08001fa8   0x00000854   Code   RO          159    i.ApplyCmd_android  main.o
    0x080027fc   0x080027fc   0x00000020   Code   RO         2485    i.Bytes2float       calculator.o
    0x0800281c   0x0800281c   0x00000080   Code   RO         2876    i.Calcu_Pos         servo.o
    0x0800289c   0x0800289c   0x0000005c   Code   RO          160    i.DMA1_Stream1_IRQHandler  main.o
    0x080028f8   0x080028f8   0x0000005c   Code   RO          161    i.DMA2_Stream2_IRQHandler  main.o
    0x08002954   0x08002954   0x00000034   Code   RO          356    i.DMA_ClearFlag     stm32f4xx_dma.o
    0x08002988   0x08002988   0x00000034   Code   RO          357    i.DMA_ClearITPendingBit  stm32f4xx_dma.o
    0x080029bc   0x080029bc   0x00000016   Code   RO          358    i.DMA_Cmd           stm32f4xx_dma.o
    0x080029d2   0x080029d2   0x0000003a   Code   RO          369    i.DMA_ITConfig      stm32f4xx_dma.o
    0x08002a0c   0x08002a0c   0x00000058   Code   RO          370    i.DMA_Init          stm32f4xx_dma.o
    0x08002a64   0x08002a64   0x00000090   Code   RO         2610    i.EEP_Init          eeprom.o
    0x08002af4   0x08002af4   0x00000058   Code   RO         2611    i.EEP_ReadBytes     eeprom.o
    0x08002b4c   0x08002b4c   0x00000060   Code   RO         2612    i.EEP_WriteBytes    eeprom.o
    0x08002bac   0x08002bac   0x00000028   Code   RO         3143    i.ENC_Reset         encoder.o
    0x08002bd4   0x08002bd4   0x0000005c   Code   RO         3144    i.ENC_Timer_Init    encoder.o
    0x08002c30   0x08002c30   0x000000b8   Code   RO         2734    i.EXTI15_10_IRQHandler  homeswitch.o
    0x08002ce8   0x08002ce8   0x00000038   Code   RO         2735    i.EXTI1_IRQHandler  homeswitch.o
    0x08002d20   0x08002d20   0x00000038   Code   RO         2736    i.EXTI2_IRQHandler  homeswitch.o
    0x08002d58   0x08002d58   0x0000000c   Code   RO          747    i.EXTI_ClearITPendingBit  stm32f4xx_exti.o
    0x08002d64   0x08002d64   0x00000018   Code   RO          751    i.EXTI_GetITStatus  stm32f4xx_exti.o
    0x08002d7c   0x08002d7c   0x00000094   Code   RO          752    i.EXTI_Init         stm32f4xx_exti.o
    0x08002e10   0x08002e10   0x000000b8   Code   RO         2936    i.Ex_Usart_SendData  uart.o
    0x08002ec8   0x08002ec8   0x00000060   Code   RO         2659    i.FSMC_ENC_Reset    fsmc.o
    0x08002f28   0x08002f28   0x000000d8   Code   RO         2660    i.FSMC_ENC_Update_Pos  fsmc.o
    0x08003000   0x08003000   0x0000020c   Code   RO         2661    i.FSMC_Init         fsmc.o
    0x0800320c   0x0800320c   0x00000034   Code   RO          823    i.FSMC_NORSRAMCmd   stm32f4xx_fsmc.o
    0x08003240   0x08003240   0x000000e6   Code   RO          825    i.FSMC_NORSRAMInit  stm32f4xx_fsmc.o
    0x08003326   0x08003326   0x00000002   PAD
    0x08003328   0x08003328   0x00000014   Code   RO         2662    i.FSMC_Read         fsmc.o
    0x0800333c   0x0800333c   0x00000004   Code   RO         2663    i.FSMC_Write        fsmc.o
    0x08003340   0x08003340   0x00000090   Code   RO          945    i.GPIO_Init         stm32f4xx_gpio.o
    0x080033d0   0x080033d0   0x00000046   Code   RO          946    i.GPIO_PinAFConfig  stm32f4xx_gpio.o
    0x08003416   0x08003416   0x00000012   Code   RO          949    i.GPIO_ReadInputDataBit  stm32f4xx_gpio.o
    0x08003428   0x08003428   0x00000004   Code   RO          952    i.GPIO_ResetBits    stm32f4xx_gpio.o
    0x0800342c   0x0800342c   0x00000004   Code   RO          953    i.GPIO_SetBits      stm32f4xx_gpio.o
    0x08003430   0x08003430   0x000001a0   Code   RO         2810    i.HomeScanMode      operationmode.o
    0x080035d0   0x080035d0   0x0000001c   Code   RO         2737    i.Home_Scan_Begin   homeswitch.o
    0x080035ec   0x080035ec   0x00000030   Code   RO         2738    i.Home_Status       homeswitch.o
    0x0800361c   0x0800361c   0x00000018   Code   RO         1047    i.I2C_AcknowledgeConfig  stm32f4xx_i2c.o
    0x08003634   0x08003634   0x0000002a   Code   RO         1050    i.I2C_CheckEvent    stm32f4xx_i2c.o
    0x0800365e   0x0800365e   0x00000018   Code   RO         1053    i.I2C_Cmd           stm32f4xx_i2c.o
    0x08003676   0x08003676   0x00000002   PAD
    0x08003678   0x08003678   0x00000060   Code   RO         1056    i.I2C_DeInit        stm32f4xx_i2c.o
    0x080036d8   0x080036d8   0x00000018   Code   RO         1061    i.I2C_GenerateSTART  stm32f4xx_i2c.o
    0x080036f0   0x080036f0   0x00000018   Code   RO         1062    i.I2C_GenerateSTOP  stm32f4xx_i2c.o
    0x08003708   0x08003708   0x0000003a   Code   RO         1063    i.I2C_GetFlagStatus  stm32f4xx_i2c.o
    0x08003742   0x08003742   0x00000002   PAD
    0x08003744   0x08003744   0x000000e8   Code   RO         1068    i.I2C_Init          stm32f4xx_i2c.o
    0x0800382c   0x0800382c   0x0000015c   Code   RO         2613    i.I2C_ReadBytes     eeprom.o
    0x08003988   0x08003988   0x00000008   Code   RO         1073    i.I2C_ReceiveData   stm32f4xx_i2c.o
    0x08003990   0x08003990   0x00000010   Code   RO         1075    i.I2C_Send7bitAddress  stm32f4xx_i2c.o
    0x080039a0   0x080039a0   0x00000004   Code   RO         1076    i.I2C_SendData      stm32f4xx_i2c.o
    0x080039a4   0x080039a4   0x000000f4   Code   RO         2614    i.I2C_WriteBytes    eeprom.o
    0x08003a98   0x08003a98   0x00000040   Code   RO         2811    i.IdleMode          operationmode.o
    0x08003ad8   0x08003ad8   0x00000230   Code   RO         2812    i.InverseKinematicMode  operationmode.o
    0x08003d08   0x08003d08   0x00000078   Code   RO          282    i.NVIC_Init         misc.o
    0x08003d80   0x08003d80   0x00000014   Code   RO          283    i.NVIC_PriorityGroupConfig  misc.o
    0x08003d94   0x08003d94   0x00000274   Code   RO         2877    i.Pos_servo_all     servo.o
    0x08004008   0x08004008   0x00000020   Code   RO         1274    i.RCC_AHB1PeriphClockCmd  stm32f4xx_rcc.o
    0x08004028   0x08004028   0x00000020   Code   RO         1280    i.RCC_AHB3PeriphClockCmd  stm32f4xx_rcc.o
    0x08004048   0x08004048   0x00000020   Code   RO         1283    i.RCC_APB1PeriphClockCmd  stm32f4xx_rcc.o
    0x08004068   0x08004068   0x00000020   Code   RO         1285    i.RCC_APB1PeriphResetCmd  stm32f4xx_rcc.o
    0x08004088   0x08004088   0x00000020   Code   RO         1286    i.RCC_APB2PeriphClockCmd  stm32f4xx_rcc.o
    0x080040a8   0x080040a8   0x000000e8   Code   RO         1295    i.RCC_GetClocksFreq  stm32f4xx_rcc.o
    0x08004190   0x08004190   0x00000104   Code   RO         3019    i.Read_Home_Switch  utils.o
    0x08004294   0x08004294   0x00000040   Code   RO         1801    i.SYSCFG_EXTILineConfig  stm32f4xx_syscfg.o
    0x080042d4   0x080042d4   0x0000005c   Code   RO         2878    i.Servo_Control_Timer_Init  servo.o
    0x08004330   0x08004330   0x000002b0   Code   RO         2739    i.Servo_Home_Switch_Init  homeswitch.o
    0x080045e0   0x080045e0   0x00000218   Code   RO         2879    i.Servo_pos_per_cycle  servo.o
    0x080047f8   0x080047f8   0x00000032   Code   RO         2664    i.Servo_pulse       fsmc.o
    0x0800482a   0x0800482a   0x00000002   PAD
    0x0800482c   0x0800482c   0x000000ec   Code   RO            4    i.SetSysClock       system_stm32f4xx.o
    0x08004918   0x08004918   0x00000068   Code   RO            6    i.SystemInit        system_stm32f4xx.o
    0x08004980   0x08004980   0x00000064   Code   RO         3145    i.TIM2_IRQHandler   encoder.o
    0x080049e4   0x080049e4   0x00000048   Code   RO         2880    i.TIM3_IRQHandler   servo.o
    0x08004a2c   0x08004a2c   0x00000006   Code   RO         1869    i.TIM_ClearITPendingBit  stm32f4xx_tim.o
    0x08004a32   0x08004a32   0x00000018   Code   RO         1874    i.TIM_Cmd           stm32f4xx_tim.o
    0x08004a4a   0x08004a4a   0x00000022   Code   RO         1895    i.TIM_GetITStatus   stm32f4xx_tim.o
    0x08004a6c   0x08004a6c   0x00000012   Code   RO         1899    i.TIM_ITConfig      stm32f4xx_tim.o
    0x08004a7e   0x08004a7e   0x00000002   PAD
    0x08004a80   0x08004a80   0x00000084   Code   RO         1946    i.TIM_TimeBaseInit  stm32f4xx_tim.o
    0x08004b04   0x08004b04   0x00000128   Code   RO         2813    i.TestingMode       operationmode.o
    0x08004c2c   0x08004c2c   0x00000190   Code   RO         2937    i.UART_DMA_Init     uart.o
    0x08004dbc   0x08004dbc   0x0000018c   Code   RO         2938    i.UART_DMA_Init_android  uart.o
    0x08004f48   0x08004f48   0x000000d4   Code   RO         2939    i.UART_Send_PC_Encoder_Pos  uart.o
    0x0800501c   0x0800501c   0x00000018   Code   RO         1610    i.USART_Cmd         stm32f4xx_usart.o
    0x08005034   0x08005034   0x00000012   Code   RO         1611    i.USART_DMACmd      stm32f4xx_usart.o
    0x08005046   0x08005046   0x00000002   PAD
    0x08005048   0x08005048   0x000000d4   Code   RO         1617    i.USART_Init        stm32f4xx_usart.o
    0x0800511c   0x0800511c   0x00000040   Code   RO         2940    i.Uart_Cmd_Update   uart.o
    0x0800515c   0x0800515c   0x00000040   Code   RO         2941    i.Uart_Cmd_Update_android  uart.o
    0x0800519c   0x0800519c   0x0000006c   Code   RO          162    i.Uart_Program      main.o
    0x08005208   0x08005208   0x0000006c   Code   RO          163    i.Uart_Program_android  main.o
    0x08005274   0x08005274   0x00000030   Code   RO         3601    i.__ARM_fpclassify  m_wm.l(fpclassify.o)
    0x080052a4   0x080052a4   0x00000004   PAD
    0x080052a8   0x080052a8   0x000000c8   Code   RO         3317    i.__hardfp_cos      m_wm.l(cos.o)
    0x08005370   0x08005370   0x000000c8   Code   RO         3329    i.__hardfp_sin      m_wm.l(sin.o)
    0x08005438   0x08005438   0x0000007a   Code   RO         3341    i.__hardfp_sqrt     m_wm.l(sqrt.o)
    0x080054b2   0x080054b2   0x00000006   PAD
    0x080054b8   0x080054b8   0x00000438   Code   RO         3481    i.__ieee754_rem_pio2  m_wm.l(rred.o)
    0x080058f0   0x080058f0   0x00000170   Code   RO         3464    i.__kernel_cos      m_wm.l(cos_i.o)
    0x08005a60   0x08005a60   0x000000f8   Code   RO         3603    i.__kernel_poly     m_wm.l(poly.o)
    0x08005b58   0x08005b58   0x00000130   Code   RO         3486    i.__kernel_sin      m_wm.l(sin_i.o)
    0x08005c88   0x08005c88   0x00000014   Code   RO         3468    i.__mathlib_dbl_infnan  m_wm.l(dunder.o)
    0x08005c9c   0x08005c9c   0x00000004   PAD
    0x08005ca0   0x08005ca0   0x00000020   Code   RO         3470    i.__mathlib_dbl_invalid  m_wm.l(dunder.o)
    0x08005cc0   0x08005cc0   0x00000020   Code   RO         3473    i.__mathlib_dbl_underflow  m_wm.l(dunder.o)
    0x08005ce0   0x08005ce0   0x0000000e   Code   RO         3269    i._is_digit         c_w.l(__printf_wp.o)
    0x08005cee   0x08005cee   0x0000000e   Code   RO         2486    i.asc2dou           calculator.o
    0x08005cfc   0x08005cfc   0x00000048   Code   RO         3021    i.delay_01ms        utils.o
    0x08005d44   0x08005d44   0x00000018   Code   RO         3597    i.fabs              m_wm.l(fabs.o)
    0x08005d5c   0x08005d5c   0x00000164   Code   RO         2487    i.find_a_factor     calculator.o
    0x08005ec0   0x08005ec0   0x00000006   Code   RO         2488    i.float2Bytes       calculator.o
    0x08005ec6   0x08005ec6   0x00000002   PAD
    0x08005ec8   0x08005ec8   0x000000a4   Code   RO         2489    i.height_triangle   calculator.o
    0x08005f6c   0x08005f6c   0x0000046c   Code   RO         2424    i.inverse_kinematic  kinematic.o
    0x080063d8   0x080063d8   0x00000010   Code   RO         2490    i.is_minus          calculator.o
    0x080063e8   0x080063e8   0x00000274   Code   RO          164    i.main              main.o
    0x0800665c   0x0800665c   0x00000544   Code   RO         2425    i.matR_calculate    kinematic.o
    0x08006ba0   0x08006ba0   0x0000015a   Code   RO         2491    i.matrix_addition   calculator.o
    0x08006cfa   0x08006cfa   0x00000002   PAD
    0x08006cfc   0x08006cfc   0x00000170   Code   RO         2492    i.matrix_inverse    calculator.o
    0x08006e6c   0x08006e6c   0x00000194   Code   RO         2493    i.matrix_multiplication  calculator.o
    0x08007000   0x08007000   0x00000028   Code   RO         3024    i.my_delay_us       utils.o
    0x08007028   0x08007028   0x00000020   Code   RO         2494    i.pos2pul           calculator.o
    0x08007048   0x08007048   0x0000008c   Code   RO         2495    i.pos2pul_redundance  calculator.o
    0x080070d4   0x080070d4   0x00000020   Code   RO         2426    i.pos_calculate     kinematic.o
    0x080070f4   0x080070f4   0x00000040   Code   RO         2496    i.pul2pos           calculator.o
    0x08007134   0x08007134   0x00000060   Code   RO         2497    i.pulse_path_planning  calculator.o
    0x08007194   0x08007194   0x00000056   Code   RO         2498    i.pulse_pp_cal      calculator.o
    0x080071ea   0x080071ea   0x0000005a   Code   RO         2499    i.q_calculate       calculator.o
    0x08007244   0x08007244   0x0000005c   Code   RO         2500    i.vector_3_norm     calculator.o
    0x080072a0   0x080072a0   0x0000002c   Code   RO         3568    locale$$code        c_w.l(lc_numeric_c.o)
    0x080072cc   0x080072cc   0x00000018   Code   RO         3297    x$fpl$basic         fz_wm.l(basic.o)
    0x080072e4   0x080072e4   0x00000062   Code   RO         3299    x$fpl$d2f           fz_wm.l(d2f.o)
    0x08007346   0x08007346   0x00000002   PAD
    0x08007348   0x08007348   0x00000150   Code   RO         3301    x$fpl$dadd          fz_wm.l(daddsub_clz.o)
    0x08007498   0x08007498   0x000002b0   Code   RO         3308    x$fpl$ddiv          fz_wm.l(ddiv.o)
    0x08007748   0x08007748   0x0000005e   Code   RO         3581    x$fpl$dfix          fz_wm.l(dfix.o)
    0x080077a6   0x080077a6   0x0000002e   Code   RO         3586    x$fpl$dflt          fz_wm.l(dflt_clz.o)
    0x080077d4   0x080077d4   0x00000026   Code   RO         3585    x$fpl$dfltu         fz_wm.l(dflt_clz.o)
    0x080077fa   0x080077fa   0x00000002   PAD
    0x080077fc   0x080077fc   0x00000154   Code   RO         3311    x$fpl$dmul          fz_wm.l(dmul.o)
    0x08007950   0x08007950   0x0000009c   Code   RO         3453    x$fpl$dnaninf       fz_wm.l(dnaninf.o)
    0x080079ec   0x080079ec   0x0000000c   Code   RO         3455    x$fpl$dretinf       fz_wm.l(dretinf.o)
    0x080079f8   0x080079f8   0x00000016   Code   RO         3302    x$fpl$drsb          fz_wm.l(daddsub_clz.o)
    0x08007a0e   0x08007a0e   0x00000002   PAD
    0x08007a10   0x08007a10   0x00000198   Code   RO         3457    x$fpl$dsqrt         fz_wm.l(dsqrt_umaal.o)
    0x08007ba8   0x08007ba8   0x000001d4   Code   RO         3303    x$fpl$dsub          fz_wm.l(daddsub_clz.o)
    0x08007d7c   0x08007d7c   0x00000056   Code   RO         3313    x$fpl$f2d           fz_wm.l(f2d.o)
    0x08007dd2   0x08007dd2   0x0000008c   Code   RO         3459    x$fpl$fnaninf       fz_wm.l(fnaninf.o)
    0x08007e5e   0x08007e5e   0x0000000a   Code   RO         3591    x$fpl$fpinit        fz_wm.l(fpinit.o)
    0x08007e68   0x08007e68   0x0000000a   Code   RO         3461    x$fpl$fretinf       fz_wm.l(fretinf.o)
    0x08007e72   0x08007e72   0x00000004   Code   RO         3315    x$fpl$printf1       fz_wm.l(printf1.o)
    0x08007e76   0x08007e76   0x00000000   Code   RO         3463    x$fpl$usenofp       fz_wm.l(usenofp.o)
    0x08007e76   0x08007e76   0x00000002   PAD
    0x08007e78   0x08007e78   0x00000048   Data   RO         2814    .constdata          operationmode.o
    0x08007ec0   0x08007ec0   0x00000006   Data   RO         2882    .constdata          servo.o
    0x08007ec6   0x08007ec6   0x00000002   PAD
    0x08007ec8   0x08007ec8   0x00000030   Data   RO         3465    .constdata          m_wm.l(cos_i.o)
    0x08007ef8   0x08007ef8   0x000000c8   Data   RO         3483    .constdata          m_wm.l(rred.o)
    0x08007fc0   0x08007fc0   0x00000028   Data   RO         3487    .constdata          m_wm.l(sin_i.o)
    0x08007fe8   0x08007fe8   0x00000094   Data   RO         3543    .constdata          c_w.l(bigflt0.o)
    0x0800807c   0x0800807c   0x00000020   Data   RO         3690    Region$$Table       anon$$obj.o
    0x0800809c   0x0800809c   0x0000001c   Data   RO         3567    locale$$data        c_w.l(lc_numeric_c.o)


    Execution Region ER_RW (Exec base: 0x20000000, Load base: 0x080080b8, Size: 0x000000a8, Max: 0xffffffff, ABSOLUTE)

    Exec Addr    Load Addr    Size         Type   Attr      Idx    E Section Name        Object

    0x20000000   0x080080b8   0x0000000b   Data   RW          166    .data               main.o
    0x2000000b   0x080080c3   0x00000010   Data   RW         1326    .data               stm32f4xx_rcc.o
    0x2000001b   0x080080d3   0x00000001   PAD
    0x2000001c   0x080080d4   0x00000005   Data   RW         2815    .data               operationmode.o
    0x20000021   0x080080d9   0x00000003   PAD
    0x20000024   0x080080dc   0x00000017   Data   RW         2883    .data               servo.o
    0x2000003b   0x080080f3   0x00000065   Data   RW         2943    .data               uart.o
    0x200000a0   0x08008158   0x00000008   Data   RW         3146    .data               encoder.o


    Execution Region ER_ZI (Exec base: 0x200000a8, Load base: 0x08008160, Size: 0x000011e8, Max: 0xffffffff, ABSOLUTE)

    Exec Addr    Load Addr    Size         Type   Attr      Idx    E Section Name        Object

    0x200000a8        -       0x00000430   Zero   RW          165    .bss                main.o
    0x200004d8        -       0x00000048   Zero   RW         2665    .bss                fsmc.o
    0x20000520        -       0x000000d8   Zero   RW         2740    .bss                homeswitch.o
    0x200005f8        -       0x000000b8   Zero   RW         2881    .bss                servo.o
    0x200006b0        -       0x0000057c   Zero   RW         2942    .bss                uart.o
    0x20000c2c        -       0x00000060   Zero   RW         3501    .bss                c_w.l(libspace.o)
    0x20000c8c   0x08008160   0x00000004   PAD
    0x20000c90        -       0x00000200   Zero   RW          149    HEAP                startup_stm32f40_41xxx.o
    0x20000e90        -       0x00000400   Zero   RW          148    STACK               startup_stm32f40_41xxx.o


==============================================================================

Image component sizes


      Code (inc. data)   RO Data    RW Data    ZI Data      Debug   Object Name

      2306         48          0          0          0      14326   calculator.o
       920         46          0          0          0       5237   eeprom.o
       232         18          0          8          0       2113   encoder.o
       910         64          0          0         72       5178   fsmc.o
      1060         60          0          0        216       8764   homeswitch.o
      2512        102          0          0          0       2949   kinematic.o
      5296        680          0         11       1072       7816   main.o
       140         24          0          0          0     233187   misc.o
      1336        358         72          5          0       8278   operationmode.o
      1456        108          6         23        184       5586   servo.o
        64         26        392          0       1536        876   startup_stm32f40_41xxx.o
       272         34          0          0          0       4936   stm32f4xx_dma.o
       184         16          0          0          0       2568   stm32f4xx_exti.o
       282          6          0          0          0       2201   stm32f4xx_fsmc.o
       240          0          0          0          0       4155   stm32f4xx_gpio.o
       552         28          0          0          0       8413   stm32f4xx_i2c.o
       392         48          0         16          0       6577   stm32f4xx_rcc.o
        64          4          0          0          0        736   stm32f4xx_syscfg.o
       214         28          0          0          0       4306   stm32f4xx_tim.o
       254          8          0          0          0       3132   stm32f4xx_usart.o
       340         32          0          0          0      82933   system_stm32f4xx.o
      1320        138          0        101       1404       5901   uart.o
       372         26          0          0          0       2054   utils.o

    ----------------------------------------------------------------------
     20734       1902        504        168       4484     422222   Object Totals
         0          0         32          0          0          0   (incl. Generated)
        16          0          2          4          0          0   (incl. Padding)

    ----------------------------------------------------------------------

      Code (inc. data)   RO Data    RW Data    ZI Data      Debug   Library Member Name

         8          0          0          0          0         68   __main.o
       284          0          0          0          0        156   __printf_wp.o
         0          0          0          0          0          0   __rtentry.o
        12          0          0          0          0          0   __rtentry2.o
         6          0          0          0          0          0   __rtentry4.o
        52          8          0          0          0          0   __scatter.o
        26          0          0          0          0          0   __scatter_copy.o
        28          0          0          0          0          0   __scatter_zi.o
        48          6          0          0          0         96   _printf_char_common.o
         6          0          0          0          0          0   _printf_f.o
      1054          0          0          0          0        216   _printf_fp_dec.o
       128         16          0          0          0         84   _printf_fp_infnan.o
        78          0          0          0          0        108   _printf_pad.o
         0          0          0          0          0          0   _printf_percent.o
         4          0          0          0          0          0   _printf_percent_end.o
        22          0          0          0          0        100   _rserrno.o
        10          0          0          0          0         68   _sputc.o
       228          4        148          0          0         96   bigflt0.o
      1936        128          0          0          0        672   btod.o
        10          0          0          0          0         68   defsig_exit.o
        50          0          0          0          0         88   defsig_general.o
        80         58          0          0          0         76   defsig_rtmem_inner.o
        14          0          0          0          0         80   defsig_rtmem_outer.o
        18          0          0          0          0         80   exit.o
        94          0          0          0          0         80   h1_alloc.o
        52          0          0          0          0         68   h1_extend.o
        78          0          0          0          0         80   h1_free.o
        14          0          0          0          0         84   h1_init.o
         6          0          0          0          0        152   heapauxi.o
         4          0          0          0          0        136   hguard.o
         0          0          0          0          0          0   indicate_semi.o
       138          0          0          0          0        168   init_alloc.o
        44         10         28          0          0         76   lc_numeric_c.o
         2          0          0          0          0          0   libinit.o
        30          0          0          0          0          0   libinit2.o
         2          0          0          0          0          0   libshutdown.o
         2          0          0          0          0          0   libshutdown2.o
         8          4          0          0         96         68   libspace.o
       138          0          0          0          0         80   lludiv10.o
         0          0          0          0          0          0   maybetermalloc1.o
        40          6          0          0          0         84   noretval__2sprintf.o
         8          4          0          0          0         68   rt_errno_addr_intlibspace.o
         8          4          0          0          0         68   rt_heap_descriptor_intlibspace.o
         8          4          0          0          0         68   rt_locale_intlibspace.o
        68          0          0          0          0         68   rt_memclr.o
        78          0          0          0          0         80   rt_memclr_w.o
       138          0          0          0          0         68   rt_memcpy_v6.o
       100          0          0          0          0         80   rt_memcpy_w.o
         2          0          0          0          0          0   rtexit.o
        10          0          0          0          0          0   rtexit2.o
        24          0          0          0          0         68   strcat.o
       128          0          0          0          0         68   strcmpv7m.o
        72          0          0          0          0         80   strcpy.o
        62          0          0          0          0         76   strlen.o
        12          4          0          0          0         68   sys_exit.o
        74          0          0          0          0         80   sys_stackheap_outer.o
        14          0          0          0          0         76   sys_wrch.o
         2          0          0          0          0         68   use_no_semi.o
        24          0          0          0          0        164   basic.o
        98          4          0          0          0        140   d2f.o
       826         16          0          0          0        492   daddsub_clz.o
       688        140          0          0          0        256   ddiv.o
        94          4          0          0          0        140   dfix.o
        84          0          0          0          0        232   dflt_clz.o
       340         12          0          0          0        152   dmul.o
       156          4          0          0          0        140   dnaninf.o
        12          0          0          0          0        116   dretinf.o
       408         56          0          0          0        168   dsqrt_umaal.o
        86          4          0          0          0        132   f2d.o
       140          4          0          0          0        132   fnaninf.o
        10          0          0          0          0        116   fpinit.o
        10          0          0          0          0        116   fretinf.o
         4          0          0          0          0        116   printf1.o
         0          0          0          0          0          0   usenofp.o
       200         20          0          0          0        164   cos.o
       368         46         48          0          0        200   cos_i.o
        84         16          0          0          0        372   dunder.o
        24          0          0          0          0        124   fabs.o
        48          0          0          0          0        124   fpclassify.o
       248          0          0          0          0        152   poly.o
      1080        142        200          0          0        188   rred.o
       200         20          0          0          0        164   sin.o
       304         24         40          0          0        208   sin_i.o
       122          0          0          0          0        148   sqrt.o

    ----------------------------------------------------------------------
     11250        768        464          0        100       8672   Library Totals
        30          0          0          0          4          0   (incl. Padding)

    ----------------------------------------------------------------------

      Code (inc. data)   RO Data    RW Data    ZI Data      Debug   Library Name

      5562        256        176          0         96       4216   c_w.l
      2980        244          0          0          0       2612   fz_wm.l
      2678        268        288          0          0       1844   m_wm.l

    ----------------------------------------------------------------------
     11250        768        464          0        100       8672   Library Totals

    ----------------------------------------------------------------------

==============================================================================


      Code (inc. data)   RO Data    RW Data    ZI Data      Debug   

     31984       2670        968        168       4584     416050   Grand Totals
     31984       2670        968        168       4584     416050   ELF Image Totals
     31984       2670        968        168          0          0   ROM Totals

==============================================================================

    Total RO  Size (Code + RO Data)                32952 (  32.18kB)
    Total RW  Size (RW Data + ZI Data)              4752 (   4.64kB)
    Total ROM Size (Code + RO Data + RW Data)      33120 (  32.34kB)

==============================================================================

